 Bomby w Irlandii Północnej 
 Brytyjska policja zabezpieczyła w Północnej Irlandii dwa ładunki wybuchowe podłożone prawdopodobnie przez jedno ze zbrojnych ugrupowań irlandzkich nacjonalistów Jedna bomba została umieszczona w samochodzie w miejscowości Newry Siła jej wybuchu byłaby w stanie zabić każdego w promieniu 50 metrów Druga bomba została znaleziona pod samochodem zaparkowanym w Belfaście 
