 Berliński port lotniczy dopiero za 9 miesięcy 
 Nowe berlińskie lotnisko imienia Willy Brandta miało zostać otwarte 3 czerwca ale teraz bardziej realistyczny wydaje się marzec przyszłego roku Opóźnienie budowy jest związane z kwestiami zabezpieczeń przeciwpożarowych Dyrektor generalny odpowiedzialny za tę budową został zresztą zwolniony Berlińczycy z niecierpliwością czekają na otwarcie lotniska które ma zastąpić dwa stare porty lotnicze w Tegel i Schoenefeld 
