 Amerykańska sekretarz stanu wróciła do pracy 
 Amerykańska sekretarz stanu Hillary Clinton wróciła do pracy Pięć dni temu wyszła ze szpitala gdzie leczyła się w związku z zakrzepem krwi Clinton została serdecznie powitana przez współpracowników Dostała między innymi kask jakich używają zawodnicy futbolu amerykańskiego a także koszulkę z numerem 112 Oznacza on liczbę państw które Clinton odwiedziła w trakcie swojej kadencji 
