 Czechy zatrzymano sprawców afery alkoholowej 
 Czeskie władze śledcze poinformowały o zatrzymaniu dwóch głównych podejrzanych w aferze przestępczego wprowadzenia na rynek alkoholu metylowego Domniemani sprawcy świadomie sporządzili trującą mieszaninę która od sierpnia spowodowała już śmierć co najmniej 25 osób w Czechach Polsce i na Słowacji 
