 Syria mieszkańcy Aleppo chronią się w szkołach 
 W Syrii trwa bitwa o miasto Aleppo W nocy niektóre dzielnice zostały zbombardowane przez lotnictwo wojskowe Najbardziej zacięte walki toczą się o dzielnicę Saladyna Choć obie strony konfliktu deklarują że wypierają przeciwników z dzielnicy zdaniem reporterów agencji Reutera ani wojska rządowe ani rebelianci nie osiągnęli tam znaczącej przewagi Dotychczas z Aleppo uciekło ponad 200 000 osób Przedstawiciele Organizacji Narodów Zjednoczonych poinformowali że cywile którzy nie zdążyli opuścić miasta starają się chronić w budynkach użyteczności publicznej takich jak szkoły W Aleppo są 32 szkoły i według świadków w każdej z nich schroniło się od 250 do 350 osób Co noc sypia tam ponad 7 000 osób mówi rzeczniczka Wysokiego Komisarza ONZ ds Uchodźców Melissa Fleming Tymczasem jeden z dowódców wojsk powstańczych przekonuje że jego partyzanci czynią szybkie postępy i zajęcie miasta jest wręcz kwestią dni a nie tygodni 
