 Niemcy i Szwajcaria przeciwko podatkowym uciekinierom 
 Rząd niemiecki zaakceptował w środę porozumienie ze Szwajcarią w sprawie walki z uchylaniem się od płacenia podatków Tekst porozumienia ma umożliwić opodatkowanie obywateli niemieckich którzy ukryli swoje pieniądze w Szwajcarii Porozumienie ma obowiązywać od 1 stycznia przyszłego roku Jednak wcześniej musi je uznać niemiecki parlament 
