 Chcieli wykastrować i zabić Justina Biebera 
 Amerykańska policja udaremniła plany zabójstwa gwiazdora muzyki pop Justina Biebera Planował je Dana Martin skazany na podwójne dożywocie za zgwałcenie i zamordowanie 15 latki Więzień miał wynająć do tego swojego bratanka który był na wolności na warunkowym zwolnieniu Zabójstwo miało być karą za to że Bieber nie odpisywał na listy więźnia 
