 Coraz bliżej potwierdzenia odkrycia bozonu Higgsa 
 Naukowcom udało się prawdopodobnie potwierdzić odkrycie bozonu Higgsa Informacje o odkryciu cząstki elementarnej która mogła być tym długo poszukiwanym elementem wszechświata została podana przez CERN w lipcu ubiegłego roku Od tego czasu prowadzone były intensywne badania mające na celu potwierdzenie tej hipotezy Rezultaty tych badań podano w czwartek na konferencji naukowej we Włoszech Naukowcy z europejskiego ośrodka badawczego CERN muszą jeszcze ustalić z jakiego typu bozonem Higgsa mają do czynienia 
