 Wenezuela starcia między zwolennikami i przeciwnikami Chaveza 
 W Puerto Cabello najważniejszym mieście portowym Wenezueli doszło do rozruchów przed wiecem wyborczym Henrique Caprilesa przeciwnika prezydenta Hugo Chaveza Kilka osób odniosło obrażenia Zwolennicy Chaveza i Caprilesa zrzucają na siebie wzajemnie odpowiedzialność za akty przemocy Wybory prezydenckie odbędą się 7 października 
