 Chiny wydaliły dziennikarza 
 Brytyjski oddział stacji telewizyjnej Al Jazeera zamknął swoje biuro w Pekinie po tym jak władze Chin nie zgodziły się przedłużyć wizy jednemu z pracujących dla stacji dziennikarzy To pierwszy taki przypadek od ponad 10 lat Dotychczas rząd Chin nie wystosował oficjalnego komunikatu w tej sprawie ale można się domyślać że chodzi o reportaże które nie zawsze pokazywały chińską rzeczywistość w dobrym świetle W enigmatycznym uzasadnieniu swojej decyzji chińskie władze mówią o pogwałceniu przez dziennikarza Al Jazeery pewnych zasad Arabskie ramię kanału Al Jazeera pozostawi swojego korespondenta w Pekinie 
