 Najstarszy bank świata z problemami 
 Najstarszy bank świata Monte dei Paschi di Siena po raz kolejny musiał sięgnąć po pomoc państwa Wszystko przez nieudane spekulacje sprzed kilku lat Szacuje się że bank o ponad 500 letniej historii stracił na nich około 720 milionów euro W sprawie niegospodarności banku toczy się pochodzenie Sprawdzana jest też sprawa zakupu banku Antonveneta Włosi zapłacili 9 miliardów euro za bank który kilka miesięcy wcześniej został kupiony o 25 taniej Skandal bankowy wywołał burzę polityczną we Włoszech na zaledwie trzy tygodnie przed wyborami parlamentarnymi Monte dei Paschi miał liczne powiązania z prowadzącą w sondażach centro lewicową Partią Demokratyczną 
