 Azjatyckie giełdy dołują po wyborach w Europie 
 Wyniki wyborów we Francji i Grecji wstrząsnęły azjatyckimi giełdami Wobec wyborczych zwycięstw polityków którzy opowiadali się przeciwko planom redukcji wydatków państwa wartości akcji notowanych w Azji zaczęły gwałtownie spadać Inwestorzy obawiają się powrotu problemów z zadłużeniem w strefie euro Ludzie obawiają się że cały plan oszczędnościowy przeforsowany przez Niemcy zostanie porzucony To budzi inwestycyjny niepokój tłumaczy Francis Lun z Lyncean Holdings Indeksy w Hong Kongu i Japonii straciły ponad 2 5 procenta a w Singapurze Tajwanie a także w Australii ponad 2 procent Spadają również indeksy w Europie Grecki Athex tracił rano ponad 7 procent a indeksy we Francji Hiszpanii i Niemczech około półtora procenta Odchodzący prezydent Francji Nicolas Sarkozy odgrywał wiodącą rolę w tworzeniu europejskiego planu ratunkowego i forsował działania oszczędnościowe Nowe władze Francji i Grecji mogą podejmować próbę renegocjacji w sprawie tych pakietów i zmian w przyjętych już zasadach 
