 George W Bush znów w Białym Domu 
 George W Bush powrócił do Białego Domu Tym razem jednak tylko po to by odsłonić portret swój i żony Laury które zawisną pomiędzy innymi portretami prezydentów Stanów Zjednoczonych Uroczystość była zaledwie trzecim spotkaniem byłego prezydenta z urzędującym Barackiem Obamą 
