 Powódź i głód w Korei Północnej 
 Ulewne deszcze są przyczyną katastrofalnej powodzi w Korei Północnej W jej wyniku życie straciło już 88 osób Do dotkniętych żywiołem regionów kraju przybyli przedstawiciele Organizacji Narodów Zjednoczonych którzy zdecydują czy przyznać Phenianowi miliony euro pomocy finansowej Z najbardziej zagrożonych terenów władze ewakuowały ponad 60 000 osób Zniszczeniu uległo 30 000 hektarów pól uprawnych Żywioł uderzył także w stolicę kraju Władze Korei Północnej od lat mają kłopoty z wyżywieniem 24 milionowej populacji kraju a susza i obecna powódź spowodowały ze sytuacja staje sie dramatyczna W ciągu ostatnich miesięcy ceny żywności gwałtownie skoczyły w górę a według zagranicznych obserwatorów przeciętnej północnokoreańskiej rodziny nie stać nawet na minimalną dzienną porcję ryżu 
