 Samsung niemal podwoił zysk 
 Największa światowa kompania technologiczna Samsung Electronics zaszokowała rynki Jej zysk operacyjny będzie wyższy aż o 85 od spodziewanego Koreański producent taki wynik osiągnął między innymi dzięki sukcesowi smartfonów z serii galaxy Azjatom nie przeszkodziła rekordowa grzywna jaką Samsung został ukarany za naruszenie patentów firmy Apple 
