 Costa Concordia bomba ekologiczna rozbrojona 
 Z wraku Costy Concordii zostało wypompowane całe paliwo W zbiornikach pozostają już tylko niewielkie jego ilości nie stanowiące żadnego zagrożenia dla środowiska Informację tę podała w piątek kompania Costa Crociere do której należy jednostka spoczywająca od ponad dwóch miesięcy na skałach u wybrzeży Włoch Dzień wcześniej we wraku znaleziono jeszcze pięć ciał ofiar tragedii W sumie w katastrofie Costy Concordii zginęły 32 osoby Udało się odnaleźć 30 ciał z których 25 można było jak dotąd zidentyfikować Wśród tych zidentyfikowanych ofiar jest dziesięcioro Niemców sześcioro Francuzów pięcioro Włochów dwoje Peruwiańczyków i po jednym obywatelu Węgier i Hiszpanii W dniu katastrofy 13 stycznia jednostka przewoziła 4 229 osób w tym 3 200 turystów z 60 krajów i około tysiąca członków załogi Statek uderzył w skałę przy wyspie Giglio u wybrzeży Toskanii 
