 Syryjscy rebelianci to my zestrzeliliśmy wasz samolot 
 Syryjscy rebelianci twierdzą że zestrzelili jeden z rządowych samolotów wojskowych Na dowód przedstawiają nagranie wideo Władze przyznają że straciły samolot ale twierdzą że przyczyną była usterka techniczna a nie działanie rebeliantów Na nagraniu widać myśliwiec który wybucha i spada na ziemię Rebelianci przedstawili też nagranie na którym człowiek który prawdopodobnie był pilotem myśliwca przyznaje że celem było zbombardowanie pobliskiego miasta Rebelianci ogłaszają kolejne zwycięstwa które choć ze strategicznego punktu widzenia są niewielkie spełniają jednak ogromną rolę propagandową Tymczasem coraz tragiczniejsze informacje docierają w sprawie miasta Aleppo Największemu miastu Syrii które od wielu dni niemal nieprzerwanie jest ostrzeliwane przez armię rządową grozi klęska humanitarna Według ONZ w mieście brakuje żywności i leków Przedstawiciel organizacji ma się dziś spotkać w Damaszku z władzami Syrii by przedyskutować możliwości udzielenia pomocy mieszkańcom Aleppo 
