 Pożary w Hiszpanii 
 Pożary niszczą dziesiątki tysięcy hektarów lasu we wschodniej i północno wschodniej Hiszpanii Z żywiołem walczy ponad tysiąc strażaków Starają się nie dopuścić do rozprzestrzeniania się ognia wokół Walencji i Barcelony Zadanie nie należy do łatwych bo w regionie wieje silny wiatr a temperatura sięga nawet 40 stopni Celsjusza W miejscowości Cortes de Pallas ogień został zaprószony w czwartek podczas instalacji baterii słonecznych na dachach Policja aresztowała dwie osoby które mogą być nieumyślnymi sprawcami pożaru Władze ewakuowały 700 osób z zagrożonych terenów Zostały one przeniesione do tymczasowych schronisk Wydaje się że walka z ogniem może potrwać jeszcze wiele dni bo pożary są także efektem najsuchszej zimy w Hiszpanii od 70 lat 
