 Atomowy strach na Półwyspie Koreańskim 
 Południowokoreańska agencja informacyjna oświadczyła że jest w posiadaniu informacji o trzeciej próbie broni nuklearnej planowanej przez Phenian Korea Północna nie kryje się z próba wystrzelenia rakiety dalekiego zasięgu jednak oficjalny komunikat władz mówi jedynie o wyniesieniu na orbitę satelity meteorologicznego Gdyby to była rakieta balistyczna byłaby schowana w podziemnym schronie albo zainstalowana na specjalnej ciężarowce Inaczej byłaby bezużyteczna w czasie wojny mówi szef północnokoreańskiego programu rakietowego Jang Myong Jin Mimo tych zapewnień Korea Południowa z niepokojem patrzy na testy nowej rakiety Phenianu Również Stany Zjednoczone są przekonane że chodzi o test rakiety zdolnej przenosić ładunki nuklearne USA jest w posiadaniu zdjęć pokazujących budowę nowego tunelu na miejscu poprzednich prób z bronią jądrową 
