 Przed Euro 2012 trenują również polscy policjanci 
 To nie Dziki Zachód to Zamość Na załączonym filmie pokazujemy ćwiczenia polskiej policji przed piłkarskimi mistrzostwami które odbędą się w naszym kraju i na Ukrainie w czerwcu i lipcu W programie ćwiczeń odbijanie przetrzymywanego kibica przeciwnej drużyny i atak na pociąg opanowany przez huliganów W szkoleniu uczestniczyło 250 funkcjonariuszy Rzecznik lubelskiej policji Janusz Wojtowicz podkreśla że siły porządkowe muszą umieć reagować nawet w mało prawdopodobnych sytuacjach Ćwiczymy różne scenariusze ponieważ chcemy być przygotowani jak najlepiej do Euro 2012 Ta sytuacja wydaje się bardzo ekstremalna i mamy nadzieje że to się nie zdarzy ale na wszystkie takie ewentualności chcemy być przygotowani Chcemy być przygotowani jak najlepiej Janusz Wojtowicz dodał że w szkoleniu polskich policjantów pomagali ich koledzy z Niemiec i Hiszpanii Na terytorium Polski odbędzie się 16 spośród zaplanowanych na Mistrzostwa Europy piłkarskich spotkań 
