 Katastrofa lotnicza w Sudanie 
 Piętnaście osób zginęło w katastrofie wojskowego samolotu Antonow 12 należącego do armii sudańskiej Ocalało 7 osób Maszyna przewoziła żołnierzy i sprzęt do Darfuru Podczas lotu pilot poinformował o zaprzestaniu pracy silników Załoga próbowała awaryjnego lądowania ale samolot rozbił się w odległości około 40 kilometrów na południowy zachód od miasta Omdurman Rzecznik armii poinformował że zostanie utworzona komisja śledcza do zbadania przyczyn katastrofy 
