 Hiszpania nowe skargi na Bankię 
 Nowe trudności i zaciskanie pasa oto z czym łączy się dla manifestujących tu barcelończyków europejski plan ratowania hiszpańskich banków Zgrzyt zębów słychać także ze strony partii politycznych Centro prawicowa Unia Postępu i Demokracji złożyła w poniedziałek skargę na bank Bankia podejrzewając go o defraudację fałszowanie rachunków oraz sprzeniewierzanie funduszy Upaństwowiony wcześniej bank który przyznał się do prawie 3 miliardowych strat w 2011 roku skorzysta z wyjątkowo dużej pomocy W ramach planu ratunkowego przyznano mu 20 miliardów euro Mamy zamiar ustalić kto ponosi odpowiedzialność w sytuacji tak wielkiego kryzysu w jakim znalazła się nasza gospodarka i cały system finansowy a który stal się powodem rozczarowania dla setek tysięcy drobnych inwestorów oświadczyła szefowa Unii Postępu i Demokracji Rosa Diez Ze względu na podejrzenie o korupcję Bankia jest już na celowniku prokuratury która wszczęła wstępne dochodzenie na temat okoliczności powstawania banku 
