 en deux mille treize Renault veut retrouver la croissance de ses ventes 
 Renault veut retrouver cette année la croissance pour ses ventes mondiales car en deux mille douze Renault a été victime d' une contraction de ses ventes de six trois la vigueur des ventes du constructeur français à l' international neuf un a partiellement compensé la chute en Europe dix huit le poids de l' entrée de gamme chez Renault et commercialisé sous la marque Dacia s' est encore accentué l' an dernier passant de trente à trente sept des ventes sur un an Renault a pour objectif de renouer avec la croissance en deux mille treize grâce à l' international qui a représenté l' an dernier plus de cinquante des ventes totales du groupe l' autre objectif c' est l' augmentation de la part de marché en Europe qui dépassait à peine neuf en deux mille douze grâce à une vaste offensive proudits en deux mille treize 
