 les forces franco maliennes continuent leur progression au Nord du Mali 
 après avoir repris le contrôle de Gao ce samedi elles sont arrivées aux portes de Tombouctou la nuit dernière du côté de l' Union africaine réunie à Addis Abeba ce dimanche les chefs d' Etat major des pays voisins ont porté à sept mille sept cents le nombre de soldats engagés dans le cadre de la force d' intervention de l' Afrique de l' ouest soit deux mille deux cents de plus que prévu 
