 nette accalmie sur le front des feux de brousse en Australie 
 elle est favorisée par la chute des températures même si plusieurs dizaines d' incendies menacent toujours la nouvelle Galles du Sud deux zéro zéro zéro pompiers combattent depuis plus de cent quarante foyers dont une trentaine ne sont pas maîtrisés ravageant habitations et bétail des quarante cinq degrés d' hier on devrait passer à trente voire vingt cinq à la faveur d' une réorientation des vents 
