 l' hiver de Tina Maze 
 Tina Maze peut laisser éclater sa joie la Slovène a mis fin dimanche en Suisse à une saison exceptionnelle en Coupe du monde où elle aura décroché les Globes du super combiné du super G et du géant elle termine largement en tête du général avec plus de deux mille quatre cents points un score qui sera difficile à égaler sur la piste de Lenzerheide Tina Maze a remporté le dernier slalom géant de l' hiver avec trente cinq centièmes d' avance sur la française Tessa Worley qui avait pourtant signé le meilleur temps de la première manche 
