 le CERN fête les vingt ans du web 
 il y a vingt ans le scientifique britannique Tim Berners Lee inventait le web pour marquer l' anniversaire de la publication du document qui permit la libre utilisation de la technologie sur internet le CERN le laboratoire européen de recherches nucléaires a lancé un projet visant à remettre en ligne le premier site web il est parvenu pour l' instant à restaurer des fichiers de mille neuf cent quatre vingt douze mais espère retrouver des versions antérieures du site Retrouvez notre dossier spécial vingt ans du World Wide Web 
