 la Commission veut renforcer la lutte contre le trafic de drogue 
 enrayer le trafic de drogue en Europe n' a jamais été aussi difficile en cause la complexité des systèmes criminels et la variété des substances illégales en circulation la commissaire européenne aux Affaires intérieures a souligné le rôle croissant joué par l' internet zéro zéro ' quinze ' SOT Cecilia commissaire européenne aux Affaires intérieures l' internet est un moyen de communication rapide et sur entre les consommateurs et les criminels un marché virtuel se développe donc les nouvelles tendances sont mondiales et se diffusent plus vite qu' avant un nouveau type d' amphétamine la quatre ma a par exemple récemment envahi le marché une drogue que la Commission a demandé aux Etats membres de rendre illégale pour l' instant dix pays de l' Union ont déjà légiféré sur la question le temps presse ces petites pilules blanches ont déjà causé la mort de vingt et un personnes ces deux dernières années 
