 EADS nouvelle croissance attendue en deux mille treize 
 hausse du bénéfice net et prévision d' une nouvelle croissance cette année EADS la maison mère d' Airbus a annoncé de très bonnes nouvelles à ses actionnaires en publiant un bénéfice net en hausse de dix neuf en deux mille douze en comptant sur une nouvelle croissance de son résultat opérationnel de plus de quinze cette année la progression spectaculaire des ventes d' Astrium dix sept et d' Eurocopter seize ont contribué à ces bons résultats deux mille douze 
