 bousculade à Berlin pour apparaître dans le dernier Clooney 
 près de huit mille personnes bravent le froid à Berlin dans l' espoir d' apparaître dans le dernier film de George Clooney des figurants potentiels qui font la queue devant les studios de Babelsberg par moins treize degrés du long métrage on connaît le titre the monuments Men qui se déroule à la fin de la seconde guerre mondiale les figurants doivent être en majorité des hommes blonds sans tatouage ni peircing et assez mince Clooney nous conte l épopée d' Hisoriens à la recherche d' oeuvres d' arts volées par les nazis avant qu' Hitler ne les détruise Matt Damon Jean Dujardin ou encore Daniel Craig seront eux sûrs d' apparaître au générique 
