 Benoît XVI ne changera pas de nom après sa démission 
 il continuera à s' appeler sa Sainteté Benoît XVI et portera le titre de pape émérite Joseph Ratzinger changera néanmoins d' allure avec une soutane Blanche et l' anneau papal en or l' anneau du pêcheur qu' il avait choisi et reçu au début de son pontificat sera détruit tradition oblige Exit aussi les chaussures rouges comme l' explique le porte parole du Vatican Thomas Rosica très important les chaussures il ne portera plus les chaussures rouges que vous avez pu voir il a choisi de porter des chaussures marrons qu' on lui a offert lors d' un récent voyage au Mexique à Leon le pape mettra fin à son pontificat jeudi après avoir salué les cardinaux présents à Rome il se rendra ensuite en hélicoptère à Castel Gandolfo à vingt cinq km au sud de Rome pour habiter deux mois dans la résidence d été des papes avec AFP et Reuters 
