 manifestation massive contre le mariage homosexuel à Paris 
 les organisateurs l' ont appelé la manif pour tous mais elle est surtout suivie par une partie de l' Eglise française une partie de la droite et de l' extrême droite les opposants au mariage pour les homosexuels sont en tout cas des dizaines de milliers à défiler ce dimanche dans Paris leur principal slogan est tous nés d' un homme et d' une femme il n' y a pas de raison pour que deux hommes ou deux femmes se marient dit un manifestant le Pacs a été fait il y a une dizaine d' années il n' y a pas de raison de modifier le sujet là ou je me pose des questions dit un autre manifestant c' est sur l' adoption et la procréation médicalement assistée sur l' adoption je ne voudrais pas qu' on mente aux enfants pour moi un enfant a un père et une mère et c' est important pour lui cette manifestation massive ne devrait pas faire reculer le gouvernement socialiste le projet de loi favorable au mariage homosexuel sera examiné au Parlement le vingt neuf janvier 
