 l' ambassadeur d' Italie en Inde autorisé à quitter le pays 
 la justice indienne a levé l' interdiction faite à l' ambassadeur d' Italie de quitter le pays conséquence de la décision du gouvernement italien de renvoyer en Inde ses deux marins accusés du meurtre de pêcheurs les prévenus seront jugés prochainement par un tribunal spécial cette affaire avait profondément refroidi les relations diplomatiques entre Rome et New Dehli 
