 François face à la crise de la Curie 
 ils sont nombreux les défis qui attendent le pape François le souverain pontife se retrouve à la tête d' une église confrontée à de grandes difficultés sécularisation massive dans les pays de tradition chrétienne scandales de pédophilie et de corruption surgis du passé rapports tendus avec l' islam rigoriste et puis aussi les intrigues et la mauvaise gouvernance de la Curie la Curie romaine le gouvernement de l église traverse une crise elle est éclaboussée par le scandale des fuites Vatileaks et par des conjectures sur un prétendu lobby gay 
