 vingt zéro zéro zéro russes se mobilisent pour dénoncer une loi récente 
 l' opposition russe retrouve son énergie elle a fait le plein ce dimanche dans les rues de Moscou au moins vingt zéro zéro zéro personnes ont défilé dans le centre de la capitale beaucoup en brandissant des photos de députés russes barrées du mot honte ces députés sont montrés du doigt car ils ont récemment voté une loi qui interdit l' adoption d' enfants russes par des Américains l' opposition et même une partie des russes qui ne sont pas engagés politiquement estiment que cette loi va à l' encontre des enfants qui pouvaient auparavant être recueillis aux Etats Unis le gouvernement ne sait plus quoi faire dit un manifestant il joue sa dernière carte en pariant sur les sentiments anti américains et il joue même avec le sort des enfants les opposants au régime de Vladimir Poutine comptent sur le sentiment d' injustice pour relancer leur mouvement qui s' est essouflé ces derniers mois dans leur protestation ils réclament aussi la dissolution de la Chambre basse du Parlement 
