 Guatemala Montt condamné pour génocide 
 l' ancien dictateur guatémaltèque Montt a été condamné hier à quatre vingts ans de prison l' ex général âgé de quatre vingt six ans a été reconnu coupable de génocide et de crimes contre l' humanité durant la guerre civile arrivé au pouvoir par un coup d état en mille neuf cent quatre vingt deux il est alors impliqué dans l' assassinat de plus de un sept cents indigènes lors d' une offensive de contre insurrection l' offensive dite de la terre brûlée durant laquelle viols collectifs et exécutions de masse ont été perpétrés les familles de victimes se disent soulagées à l' image de Marielena Bustamante dont le frère est porté disparu je sais que ça n' effacera pas la douleur mais c' est la garantie que l' armée guatémaltèque ne reproduira pas ces atrocités et j' en suis heureuse mon frère peut enfin reposer en paix et son bourreau va finalement en prison les avocats de l' ancien dictateur on fait appel jugeant cette condamnation illégale 
