 l' armée loyale respectera la volonté de Chavez 
 peu après l' annonce du décès d' Hugo Chavez l' armée a promis de respecter la volonté du président défunt elle servira le pays en toute loyauté a assuré le ministre de la Défense vénézuélien les forces armées bolivariennes protectrices de la Constitution des lois et des règlements sont solidaires avec l' appel à l' unité du pays a déclaré Diego Molero les principaux chefs militaires ont donc promis de se placer sous l' autorité du vice président Nicolas Maduro l' héritier désigné d' Hugo Chavez l' armée a été déployée dans l' ensemble du pays pour garantir la paix 
