 l' Inde met en orbite six satellites 
 vingt trois ème mission réussie pour le lanceur indien PLSV l' Inde considérée comme leader mondial du secteur a son bord sept satellites dont le franco indien SARAL destiné à suivre avec une précision inégalée la hauteur des eaux et des glaces de notre planète six autres satellites ont été lancés lundi pour le compte du Canada de l' Autriche du Danemark et de la Grande Bretagne 
