 l' hommage de Mariano Rajoy chef du gouvernement espagnol à la suite du décès de Margaret Thatcher 
 en tant que chef du gouvernement espagnol je tiens à rendre hommage à Margaret Thatcher et je me joins à la peine de l' ensemble des citoyens britanniques Margaret Thatcher est l' un des dirigeants politiques les plus importants du XXème siècle qui a gouverné dans un contexte d' immenses difficultés avec détermination courage clairvoyance et avec une vision pour l' avenir de son pays c' est ce qui l' a fait entrer dans l' histoire comme l' une des figures majeures de notre continent 
