 Grande Bretagne le bébé de Kate attendu en juillet 
 on savait que Kate Middleton était enceinte on sait depuis ce lundi qu' elle est censée accoucher en juillet l' information a été fournie par le service de presse du prince William qui précise que la princesse attend un seul bébé et non pas des jumeaux comme le laissaient entendre certaines rumeurs les spéculations continuent d' aller bon train pour savoir s' il s' agit d' un garçon ou d' une fille 
