 le retour au Pakistan de Pervez Musharraf 
 après quatre années d' exil entre Dubaï et Londres le retour au pays de Pervez Musharraf l' ancien homme fort du Pakistan est devenu président en mille neuf cent quatre vingt dix neuf à la faveur d' un coup d' Etat il s' est maintenu au pouvoir jusqu' en deux mille huit aujourd' hui il est visé par trois mandats d' arrêt et sa tête est mise à mort par un mouvement taliban mais qu' importe cet ex général qui a survécu à trois attentats lorsqu' il était président dit vouloir sauver son pays au péril de sa vie le mouvement des talibans du Pakistan TTP principal responsable de la vague d' attentats qui ont fait plus de cinq mille sept cents morts au Pakistan depuis deux mille sept le menace de mort il lui reproche notamment le rapprochement opéré avec Washington après les attentats du onze septembre alors que des élections générales sont prévues le onze mai la justice pakistanaise lui a garanti qu' il bénéficierait d' une liberté sous caution 
