 procès Magnitski à Moscou les témoignages à charge se poursuivent 
 une nouvelle audience la troisième s' est tenue ce lundi à Moscou dans le procès post mortem de Sergueï Magnitski mais toujours sans créer de surprise la cellule que devait occuper le juriste russe accusé de fraude fiscale est forcément vide Sergueï Magnitski est mort en prison en novembre deux mille neuf mort dont la cause n' a toujours pas été élucidée les témoins présentés par l' accusation continuent d être entendus ils affirment que Sergueï Magnitski et son ex employeur avaient créé des sociétés écrans pour échapper au fisc la famille du juriste refuse toujours d' assister au procès le qualifiant d' insulte à sa mémoire le Conseil russe des droits de l' homme avait estimé en deux mille onze que Sergueï Magnitski avait été victime de violences dans sa prison mais les autorités russes ont finalement classé l' enquête 
