 France Virgin France en cessation de paiement 
 dans un secteur bouleversé par la concurrence sur internet et le numérique Virgin France l' enseigne de ventes de DVD et de CD va se déclarer en cessation de paiement Virgin propriété du fonds d' investissement Butler capital Partners emploie un zéro zéro zéro personnes dans ses vingt six magasins en France la procédure de cessation de paiement peut déboucher sur un redressement ou sur une liquidation judiciaire c' est à dire la disparition de l' entreprise 
