 Tunisie arrestation du tueur présumé de Belaïd 
 après l' assassinat de l' opposant tunisien Chokri Belaïd le six février dernier deux hommes ont été interpellés dimanche soir le tueur présumé un artisan de trente et un ans a été arrêté à Carthage et appartiendrait à la mouvance radicale salafiste le deuxième homme est soupçonné d être le motard qui lui a permis de prendre la fuite Chokri Belaïd avait été tué de trois balles tirées à bout portant alors qu' il sortait de chez lui la mort de ce militant laïque à la tête d' une alliance de mouvements de gauche et connu pour son opposition aux islamistes du parti au pouvoir Ennahda avait alors plongé la Tunisie dans la tourmente entre manifestations de masse où une partie de la population bouleversée a fustigé l' assassinat d' un démocrate et crise politique avec la démission du Premier ministre Hamadi Jebali selon des sources policières l' homme soupçonné d' avoir abattu Chokri Belaïd est membre de la Ligue de protection de la révolution LPR une milice brutale pro islamiste 
