 visite d' Angela Merkel en Turquie 
 Angela Merkel est arrivée ce dimanche en Turquie pour une visite de deux jours un séjour axé principalement sur le conflit en Syrie et le processus turc d' adhésion à l' Union européenne la chancelière allemande s' est rendue dans le sud de la Turquie notamment à Kahramanmaras où sont mobilisés trois cents soldats allemands ainsi que deux batteries de missiles sol air Patriot les pays bas et les Etats Unis ont déployé chacun deux batteries similaires Ankara a sollicité ce déploiement auprès de l' OTAN après une série de tirs d' obus syriens qui ont touché des localités frontalières turques avec AFP 
