 nouvelle éruption de violence à Belfast 
 nouvelle flambée de violence ce vendredi soir à Belfast en Irlande du nord autour de la question du drapeau britannique plusieurs jeunes ont attaqué les forces de l' ordre à coups de jets de Pierre et de cocktails Molotov il n' y a pas eu de blessés en décembre les autorités de Belfast ont décidé de limiter l' apparition du drapeau britannique sur l' hôtel de ville ce qui a provoqué la colère de certains habitants avant les heurts de ce vendredi soir la tension semblait avoir baissé 
