 la Russie en force 
 les hommes de Zinetula Biljaletdinov se sont adjugé dimanche l' euro hockey tour en battant la République tchèque sur le score de deux un à Prague malgré un très bon début de match des coéquipiers d' Alexander Salak a l' image de cette belle réalisation de l' attaquant du Sparta Prague Ivan Rachunek les Tchèques qui avaient pourtant a coeur de défendre leur titre n' ont pas réussi à résister à la pression des russes et se sont laissé surprendre à deux reprises en deuxième période l' attaquant du Lokomotiv Yegor Averin a remis les deux équipes à égalité à la vingt trois e minute avant le but salvateur de Kirill Petrov quinze minutes plus tard offrant ainsi à la Russie son sixième titre dans cette compétition un très bon résultat a moins d' une semaine du coup d' envoi de la Coupe du monde à Helsinki 
