 super G annulés à Lenzerheide en Suisse 
 l épreuve de Coupe du monde a été annulée jeudi d' abord retardé de plus de trois heures en raison d' un vent violent et d' un épais brouillard le super G a finalement été stoppé après la chute spectaculaire de Klaus l' autrichien déporté sur un virage clé du parcours est allé s' encastrer dans les filets de sécurité résultat une épaule cassée et le petit globe de cristal du super G au norvégien Aksel Lund Svindal cette finale devait surtout lui permettre de refaire son retard sur l' autrichien Marcel Hirscher à qui le gros globe de cristal est plus que jamais promis super G lui aussi annulé chez les Dames résultat la Slovène Tina Mazé s' empare du petit globe de cristal 
