 prise d' otages l' heure est au bilan 
 pour le moment le dernier chiffre évoqué fait état de quarante huit morts parmi les otages ce lundi après midi le Premier ministre algérien Abdelmalek Sellal devrait dresser un bilan officiel de son côté le gouvernement japonais a envoyé des émissaires pour inspecter les lieux de la prise d' otages neuf japonais sont morts une dizaine d' autres est toujours portée disparue plusieurs rescapés ont témoigné ce qu' ils avaient vécu lors de cette prise d' otage c' est le cas du britannique Alan Wright qui explique qu à aucun moment lui et les autres ne comprenaient ce qui se passait à l' extérieur de l' usine ils allaient nous relâcher on allait partir c était horrible vraiment horrible vous vous échappez mais vous restez aux mains des terroristes après un cauchemar qui aura duré quatre jours Alan Wright est désormais auprès des siens l' une de ses priorités sera de tourner rapidement la page d' in Amenas 
