 Etats Unis la Fed maintient sa politique monétaire 
 sans surprise la banque centrale des Etats Unis la Fed maintient sa politique de soutien exceptionnel à la reprise a l' issue d' une réunion de deux jours entamé mardi le comité de politique monétaire de la Fed a indiqué que les coupes budgétaires massives entrées en vigueur freinaient la croisssance économique il salue la progression de la consommation des ménages et la bonne tenue du secteur immobilier mais il estime que le taux de chômage reste élevé la réserve fédérale a confirmé la poursuite de ses injections de liquidités dans le circuit financier au rythme de quatre vingt cinq milliards de dollars nets par mois elle a également réitéré son engagement à maintenir son taux directeur dans la fourchette de zéro à zéro vingt cinq 
