 Vettel gagnant à Bahreïn comme un goût de déjà vu 
 Sebastian Vettel a remporté son deuxième grand prix de la saison ce dimanche à Bahreïn devant Kimi et Sébastien Grosjean autrement dit exactement le même podium qu' en deux mille douze Parti en première ligne au volant de sa Red Bull Sebastian Vettel avait rapidement effacé son compatriote Nico Rosberg puis géré son avance belle course également des deux pilotes Lotus pourtant partis respectivement en huitième et onzième positions le triple champion du monde en titre signe donc la vingt huit ème victoire de sa carrière et conforte son avance en tête au classement des pilotes devant Kimi Lewis Hamilton vole lui la troisième place à Fernando Alonso côté constructeur l écurie Red Bull reste en tête Ferrari rétrograde en troisième position derrière Lotus 
