 prison à vie pour l' assassin du journaliste ukrainien Guéorgui Gongadzé 
 en Ukraine prison à vie pour l' assassin du journaliste Guéorgui Gongadzé mais un mystère toujours pas éclairci Olexi Poukatch ancien général de police avait en deux mille étranglé puis décapité sa victime lors de l énoncé du verdict il a mis en cause l' ancien président Léonid Koutchma qui a maintes fois nié toute implication l' avocat de Poukatch devrait faire appel ainsi que l' avocate de la veuve du journaliste qui a estimé que la Cour aurait du reconnaître le caractère commandité de l' assassinat 
