 procès de néonazis en Allemagne Ankara souhaite la présence de turcs 
 la presse turque va t elle pouvoir assister au procès de néonazis jugés pour des meurtres racistes en Allemagne le chef de la diplomatie turque s' est entretenu avec son homologue allemand hier pour demander que des journalistes turcs mais aussi des responsables politiques turcs puissent se rendre au tribunal le ministre allemand lui aurait rappelé le principe d' indépendance de la justice tout en exprimant sa compréhension le procès débute le dix sept avril pratiquement aucun média étranger n' est accrédité pour le suivre parmi les néonazis accusés du meurtre de huit turcs d' un grec et d' une policière allemande entre deux mille et deux mille sept figure Beate la découverte de ce groupe en deux mille onze avait provoqué une onde de choc en Allemagne avec AFP et Reuters 
