 le scandale du thalidomide refait surface en Espagne 
 ce médicament un anti nauséeux prescrit aux femmes enceintes avait été retiré du marché mondial en mille neuf cent soixante et un car il provoquait des malformations une association de victimes espagnoles réclame deux cent huit millions d' euros au fabricant allemand pour avoir continué à commercialiser le thalidomide plus de six mois après son interdiction en Espagne 
