 mobilisation record en Hongrie pour commémorer les victimes de l' holocauste 
 organisée chaque année la marche de la vie a réuni hier plus de dix zéro zéro zéro personnes une affluence en guise de démonstration de force avant le Congrès juif mondial qui aura lieu début mai à Budapest des néonazis ont tenté hier de perturber l évènement mais la police les a empêchés de mener leur plan à bien 
