 Russie inauguration en grande pompe du Mariinski II 
 en Russie tous les regards se tournent aujourd' hui vers Saint Pétersbourg où le Mariinsky II va être inauguré une inauguration en grande pompe en présence du président Vladimir Poutine le nouveau théâtre se dresse en face du bâtiment historique mais son architecture suscite une énorme controverse certains surnomment le Mariinsky II le supermarché des stars mondiales de l' opéra et du ballet se produiront ce soir sur la nouvelle scène à l' occasion d' un grand gala avec AFP 
