 Gaza le Hamas demande à l' ONU de reprendre sa distribution de nourriture 
 les réfugiés Palestiniens de la bande de Gaza ont trouvé porte close ce vendredi l' agence de l' ONU pour les réfugiés avait fermé volontairement tous ses centres d' aide et de distribution de nourriture il s' agissait d' une réaction de colère après les échauffourées qui ont eu lieu jeudi dans un dépôt de l' agence le Hamas au pouvoir à Gaza s' inquiète et demande à l' ONU de revenir sur sa décision nous devons entamer d' urgence des négociations avec l' agence pour les réfugiés a déclaré Ismail Haniyeh le chef du Hamas nous devons travailler ensemble pour poursuivre l' assistance alimentaire et la développer le travail de l' agence devra être sécurisé en temps normal l' ONU distribue de la nourriture à près de vingt cinq zéro zéro zéro Palestiniens de Gaza chaque semaine mais son agence pour les réfugiés voit son budget se réduire de mois en mois les donateurs manquent cruellement 
