 ISS incident technique sur un vaisseau ravitailleur 
 incident technique sur le vaisseau cargo russe Progress lancé ce mercredi matin de Baïkonour au Kazakhstan il doit s' arrimer vendredi à la station spatiale internationale mais une antenne de navigation refuse de s' ouvrir rien d' inquiétant pour l' instant Progress achemine deux cinq tonnes de matériel scientifique de carburant et de vivres vers l' ISS 
