 Chypre le plus gros transport de fonds de l' histoire de l' euro 
 la crise chypriote restera associée à un record dans l' histoire de l' euro celui du plus gros transport de fonds en petites coupures la Banque centrale européenne a ainsi convoyé cinq milliards d' euros cash de Francfort à Nicosie hier pour permettre aux banques de l île de faire face à la demande de liquidité ce jeudi jour de leur réouverture elles étaient fermées depuis le seize mars pour garantir la sécurité du convoi les cinq conteneurs chargés de billets neufs étaient étiquetés bons du Trésor ils ont été transportés par avion cargo ce matin ils ont été escortés jusqu' aux banques par plus d' une centaine d' hommes armés le tout surveillé depuis le ciel par la police héliportée en marge du plan de sauvetage la BCE s était engagée auprès de la Banque centrale chypriote à ne pas la laisser à court de liquidités 
