 Autriche l' ancien ministre de l' intérieur condamné à quatre ans de prison ferme 
 en Autriche l' ancien ministre de l' intérieur Ernst Strasser a été condamné ce lundi à quatre ans de prison ferme pour corruption il était membre du Parlement européen au moment des faits en deux mille onze il avait été piégé par des journalistes britanniques qui se faisaient passer pour des lobbyistes moyennant de grosses d' argent Ernst Strasser disait qu' il pouvait amender des projets de loi européens 
