 une Berlinale éclectique 
 a Berlin le lever de rideau c' est pour bientôt le festival du film soixante trois ème édition se tiendra dans la capitale allemande du sept au dix sept février prochain le programme de ce grand rendez vous du cinéma vient d être dévoilé par son directeur qui a été obligé de prendre la pose avec des nounours dix neuf films sont en compétition officielle cette année sans compter sur les longs métrages présentés hors compétition en deux mille treize la Berlinale deux mille treize se veut éclectique c' est une compétition très variée note son directeur Dieter Kosslick nous avons des réalisateurs très jeunes nous avons beaucoup de films et d' artistes d' Europe de l' est d' autre part on présente aussi pas mal de longs métrages indépendants américains en compétition et hors compétition et bien évidemment on a des projections événements qui sont les avant premières mondiales du nouveau Wong Kar Wai et du nouveau Soderbergh 
