 l' ancien dirigeant de l' ex première banque d' Islande poursuivi pour fraudes 
 l' ancien directeur de l' ex banque islandaise Kaupthing est dans le collimateur de la justice un procureur a annoncé ce mardi qu' il ferait l' objet de poursuites pour fraudes pour avoir caché la mauvaise santé de l établissement bancaire qui a fini par faire faillite en deux mille huit Heidar Mar Sigurdsson est accusé d' avoir empoché illégalement près de deux millions d' euros huit anciens cadres de l' ex première banque d' Islande devraient aussi être inculpés leur procès devrait satisfaire la population islandaise qui a subi la crise économique de plein fouet les trois banques les plus importantes du pays s étaient effondrées en deux mille huit car elles avaient accumulé des actifs douteux 
