 la France et le Cameroun démentent la libération des sept otages enlevés au Cameroun 
 la libération d' un collaborateur français de GDF Suez et de sa famille a été démentie par le ministre camerounais de la communication le ministère français des Affaires étrangères ne confirme pas lui non plus la libération des sept otages tous les membres d' une même famille d' expatriés avaient été enlevés mardi alors qu' ils visitaient un parc animalier au Cameroun près de la frontière avec le Nigeria ce jeudi matin une source militaire camerounaise avait annoncé leur libération 
