 funérailles de l' opposant russe Alexander Dolmatov 
 les obsèques du jeune ingénieur de trente cinq ans se sont déroulées ce mercredi à Moscou officiellement il se serait suicidé en janvier dernier dans le centre de rétention de Rotterdam présent aux funérailles le leader de l' opposition russe Sergueï Oudaltsov a été bousculé par d' autres opposants russes l' accusant d être venu faire son auto promotion 
