 la Russie commémore le soixante dix ème anniversaire de la bataille de Stalingrad 
 la Russie commémorait samedi le soixante dix ème anniversaire de la victoire des troupes soviétiques contre l' armée nazie à Stalingrad la ville qui s' appelle aujourd' hui Volgograd accueillait les principales cérémonies en présence de nombreux proches de soldats disparus y compris allemands après une parade militaire des fleurs ont été déposées devant la flamme du souvenir la bataille de Stalingrad est l' une des plus meurtrières de l' histoire elle aurait fait entre un et deux millions de morts dont de nombreux civils débutés en juillet mille neuf cent quarante deux les combats se sont achevés plus de six mois après par la capitulation des troupes du troisième Reich ce qui fait de cette bataille l' un des tournants majeurs de la seconde guerre mondiale soixante dix ans après des dépouilles sont régulièrement exhumées dans la région qui demeure un immense tombeau 
