 la France dément la libération des otages au Cameroun 
 Paris dément la libération des otages français au Cameroun sept membres d' une famille d' expatriés enlevés il y a deux jours au nord du pays ce matin un militaire camerounais assurait que la famille avait été retrouvée saine et sauve au Nigeria mais toujours pas de trace des trois adultes et des quatre enfants kidnappés dans le parc Waza d' après le quai d' Orsay l' information selon laquelle la famille aurait été retrouvée à Dikwa au nord du pays reste infondée l' armée nigériane indique s être lancée dans une opération pour tenter d' encercler les ravisseurs et procéder à la libération des otages 
