 Arménie un candidat à la présidentielle visé par une tentative de meurtre 
 un candidat à l élection présidentielle arménienne a été visé par une tentative d' assassinat jeudi soir alors qu' il rentrait à son domicile de Erevan il s' agit de Parouïr Haïrikian le leader du mouvement d' opposition l' Union pour l' autodétermination touché par balle il a été transporté à l' hôpital mais serait hors de danger son agresseur lui a pris la fuite cet incident pourrait reporter de deux semaines le scrutin présidentiel du dix huit février huit candidats sont en lice dont le président sortant Serge Sarkissian considéré comme le grand favori cette élection est perçue comme un test pour l' ex République soviétique après des législatives entachées de soupçons de fraudes électorales il y a cinq ans la précédente élection présidentielle avait par ailleurs été marquée par des affrontements meurtriers entre des manifestants de l' opposition et la police 
