 le Kirghizistan réaffirme sa volonté de fermer la base de Manas 
 le président kirghize a réaffirmé sa volonté de fermer la base militaire américaine de Manas tête de pont pour la guerre en Afghanistan le projet de loi aurait déjà été présenté au Parlement payant soixante millions de dollars par an les Etats Unis étaient prêts à faire monter les enchères la base abritant mille cinq cents soldats américains devrait fermer en juillet deux mille quatorze 
