 Wesley Sneijder rejoint Galatasaray 
 c' est l' un des transferts majeurs du mercato hivernal le milieu de terrain néerlandais Wesley Sneijder quitte l' Inter Milan pour le club turc de Galatasaray avec lequel il s' est engagé pour trois saisons le montant du transfert est estimé à sept millions et demi d' euros absent des terrains depuis quatre mois pour cause de blessure le joueur assure être prêt physiquement je me sens bien je me suis entraîné chaque jour depuis ma blessure y compris seul je suis donc prêt à jouer avec mon nouveau club a t il expliqué en conférence de presse après l' Inter le Real Madrid et l' Ajax d' Amsterdam Wesley Sneijder va donc découvrir à vingt huit ans un nouveau championnat son baptême du feu pourrait avoir lieu dès dimanche contre l' autre club d' Istanbul Besiktas 
