 Grande Bretagne de la viande de cheval dans des lasagnes au boeuf 
 nouveau scandale alimentaire en Grande Bretagne où de la viande de cheval a été retrouvée dans des plats de lasagne au boeuf de la marque Findus l' enquête avait été lancée après la découverte de produits suspects destinés à des supermarchés Tesco et des restaurants Burger King consommer ces produits ne présenterait toutefois aucun risque sanitaire selon la FSA 
