 lance Armstrong mon histoire n était qu' un mensonge 
 le show Oprah a tenu toutes ses promesses cette nuit aux Etats Unis lance Armstrong a bien avoué face à des millions d' américains mais surtout suivi par la terre entière l' ancienne icône du cyclisme a répondu froidement oui à toutes les questions d' Oprah Winfrey la star de la télévision américaine oui pendant toutes ses années le survivant du cancer devenu le plus grand champion de sa génération trichait il trichait massivement mon histoire parfaite n était qu' un gros mensonge a t il lâché EPO transfusion sanguine testostérone les pires choses écrites par ses détracteurs sont vraies Armstrong plus froid que jamais a enfin levé le voile sur ses pratiques trois mois après avoir été déchu de ses titres et radié à vie les prochains rendez vous pour Armstrong seront devant la justice pour avoir menti à plusieurs reprises devant les juges et pour démêler les réseaux qui auront permis une des plus grandes mascarades de l' histoire du sport 
