 la neige et le verglas sèment la pagaille dans le ciel européen 
 a Francfort en Allemagne où la neige continue de tomber plus de trois cents vols ont été annulés ce lundi au départ ou à l' arrivée les retards sont légion hier déjà de nombreux avions s étaient retrouvés cloués au sol en raison de pluies verglassantes dans les aéroports parisiens d' Orly et de Roissy quarante des vols sont annulés uniquement des courts et moyen courriers le Conseil aux passagers est le même qu' hier se renseigner auprès de sa compagnie aérienne avant de se rendre à l' aéroport des retards ou annulations de dernière minute étant toujours possible il neige aussi à Londres ce qui perturbe le trafic aérien notamment à Heathrow le premier aéroport au monde à l' international dix des vols sont annulés de nombreux passagers en rade en raison des annulations d' hier ont du passer la nuit à l' aéroport aucune amélioration sensible de la météo n' est prévue dans les jours qui viennent 
