 la reine Beatrix des pays bas cède le pouvoir à son fils 
 après plus de trente deux ans de règne la reine Beatrix quitte le trône des pays bas la souveraine qui fêtera ses soixante quinze ans à la fin du mois a annoncé son abdication lundi soir dans une allocution radiotélévisée elle estime qu' il est temps de transmettre le flambeau à une nouvelle génération elle cède le pouvoir à son fils aîné Willem Alexander qui sera intronisé le trente avril prochain âgé de quarante cinq ans le prince d' orange est père de trois enfants issus de son Union avec la princesse sixième monarque des pays bas Beatrix avait succédé en mille neuf cent quatre vingts à sa mère la reine Juliana qui avait régné également pendant plus de trente ans 
