 decidirá la vuelta 
 el Chelsea tumba al Basilea un gol del defensa brasileño David Luiz deja a los hombres de Rafa Benítez con pie y medio en la final de la Liga Europa los de Londres se impusieron a domicilio en la ida uno dos en la otra semifinal el Fenerbahce ganó por uno cero al Benfica con gol del defensa turco Egemen Korkmaz la vuelta el próximo jueves 
