 un preso escapa de la cárcel simulando ser su hermano 
 estupefacción en la cárcel modelo de Barcelona tras la fuga de un preso que se intercambió con su hermano durante una visita al termino del encuentro familiar el miércoles por la noche el reo salió de la sala y el hermano se quedó en la cárcel la Justicia ha abierto un expediente disciplinario a los encargados del control y mantiene retenido al hermano del fugado 
