 las bolsas y el mercado de la deuda saludan el nuevo gobierno italiano 
 las bolsas europeas responden de forma optimista a la formación del gobierno italiano de Enrico Letta con subidas generalizadas y en concreto en Milán el índice MIB ganaba alrededor de un uno y medio por cien a media jornada el Eurostoxx cincuenta de los principales valores europeos avanzaba en cinco décimas mientras que el Ibex treinta y cinco de Madrid progresaba en torno a un uno por cien por otro lado la prima de riesgo de los bonos italianos a diez años bajaba a doscientos setenta y cinco puntos respecto a la alemana precisamente en una subasta este mismo lunes el Tesoro italiano pagó por primera vez un interés por debajo del cuatro por cien desde dos mil diez en concreto el tres sesenta y cinco por cien y para los bonos a cinco años el interés se situó por debajo del tres por cien la prima de riesgo española por su lado bajaba de los trescientos puntos para colocarse en mínimos anuales 
