 Ucrania rechaza la petición de indulto para Julia Timoshenko 
 la Comisión para indultos ucraniana rechaza la petición de excarcelación de la ex primera ministra Yulia Timoshenko alega que hay varios procesos contra ella aún en curso la solicitud había sido firmada por miembros de los tres partidos de la oposición Timoshenko fue condenada en dos mil once a siete años de prisión por abuso de autoridad 
