 Gina Lollobrigida vende sus joyas por una buena causa 
 la mítica Gina Lollobrigida vende sus no menos famosas joyas la actriz italiana uno de los grandes rostros de la historia del cine ha decidido desprenderse de buena parte de su Tesoro y ha anunciado que donará las ganancias a la investigación con células madre las joyas la mayoría de ellas Bulgari serán subastadas en mayo por Shoteby's previa exposición en Londres Nueva York y Roma unos pendientes valorados en veinticinco cero cero cero dólares un anillo de diamantes de diecinueve kilates o un collar pulsera de hasta medio millón son sólo algunas de las preciadas piezas que la actriz de ochenta y cinco años de edad asegura no necesitar más retirada de la gran pantalla su gran pasión ya no es el cine ni las joyas sino aquello con lo que tantas veces fue comparada la escultura 
