 golpe a la pederastia en Estados Unidos 
 doscientos cuarenta y cinco personas han sido detenidas acusadas de abusar sexualmente de ciento veintitrés menores algunas de las víctimas tenían menos de tres años de edad la llamada operación Girasol ha dado un golpe a una red de pornografía infantil que operaba en varios Estados del país y en el extranjero 
