 los mercados de aves vivas de Shanghái cierran por la gripe aviar 
 es una de las últimas medidas adoptadas por las autoridades chinas para frenar el avance de la gripe aviar en el este del país que ha costado la vida al menos a seis personas al sacrificio masivo de aves se une además la desinfección de los lugares y vehículos en los que ha habido pollos palomas o patos pese a ello en las últimas horas se ha confirmado la presencia del virus H siete N nueve en más mercados de aves vivas en el pasado muchos virus se han hecho contagiosos y estoy preocupada por la transmisión entre personas me da miedo que pase así que estoy tomando precauciones todo el mundo debería prestar atención señala una mujer no hay evidencias de que el virus H siete N nueve se transmita entre humanos de momento ninguna de las personas en contacto con los dieciséis afectados ha desarrollado la enfermedad las farmacéuticas trabajan ya en la elaboración de una vacuna hasta ahora los enfermos están siendo tratados con antivirales 
