 Polonia conmemora el doscientos veintidós aniversario de su Constitución 
 salvas de honor y desfile militar en Varsovia para conmemorar el doscientos veintidós aniversario de la Constitución de Polonia es la segunda carta Magna más antigua del planeta y sobrevivió a la desaparición del Estado bajo los imperios prusiano ruso y austriaco los polacos la recuperaron junto a la soberanía tras la i guerra Mundial 
