 el chavismo gana las elecciones en Venezuela por la mínima 
 tras horas de deliberaciones el Consejo Nacional electoral ha anunciado una más que ajustada victoria de Nicolás Maduro con el cincuenta sesenta y seis por cien de los votos con el noventa y nueve por cien escrutado y sin contabilizar las papeletas del extranjero que se estiman en algo más de cien cero cero cero con estos resultados el heredero político de Hugo Chávez ha superado a Capriles por menos de doscientos treinta cero cero cero votos el líder opositior de mesa de la unidad Democrática ha mejorado considerablemente sus resultados ante Chávez en octubre de dos mil doce entonces sacó millón y medio de votos menos que el mandatario fallecido hoy ha perdido por menos de un punto porcentual 
