 Tokio encuentra en sus aguas recursos naturales que podrían descargar su dependencia de lo nuclear y el exterior 
 se trata de hidrato de metano que ha descubierto en sus aguas y del que podrían existir depósitos para abastecer al país durante cien años ha sido en la fosa de Nankai al sur del país y se ha anunciado dos años después de la tragedia de Fukushima que puso a la nación en guardia ante las centrales nucleares es la primera extracción a nivel mundial de hidrato de metano en el mar espero que esto proporcione a Japón recursos naturales energéticos explicaba el ministro de economía nipón Toshimitsu Motegi su extración sin embargo es muy costosa al tratarse de bajas profundidades y además la combustión del llamado hielo ardiente' contamina al liberar metano diez veces más la atmósfera que el dióxido de carbono 
