 la India prueba con éxito un misil de medio alcance 
 el Agni II es un proyectil balístico tierra tierra con capacidad nuclear y alcance de más de dos cero cero cero kilómetros la prueba la última de una serie llevada a cabo por la India ha tenido lugar en el estado de Odhisa el país asiático mantiene desde su independencia una carrera armamentística con Pakistán 
