 masiva venta de acciones de Bankia el primer día del canje por las preferentes 
 el primer día de canje de preferentes por acciones en Bankia se saldó con una pérdida de cotización del cinco por cien tras haber llegado a ser del veinte los casi doce mil millones de nuevas acciones puestas en circulación como culminación del banco español nacionalizado han convertido su título en el de mayor movimiento en el parqué madrileño porque los centenares de miles de poseedores de preferentes intentan recuperar parte de su dinero de hecho su pérdida se calcula en torno al setenta y cinco por cien primero porque el Gobierno aplicó una quita del treinta y siete por cien obligado por la ayuda de Bruselas y segundo porque desde que se fijó el precio de las acciones en uno treinta y cinco euros estas han cedido ya la mitad de su valor durante la mañana su cotización bajó de los cincuenta céntimos para terminar la sesión en los cincuenta y siete la venta de acciones por parte de los preferentistas es independiente de que acudan al arbitraje y los juzgados 
