 el consumo de los alemanes sostiene el crecimiento en el primer semestre 
 el aumento del gasto familiar en los primeros compases del año ha impedido que la bajada en las exportaciones y en la inversión afecte al producto Interior Bruto confirmando las estimaciones entre enero y marzo el PIB ha subido un cero uno por ciento un buen dato si se tiene en cuenta la contracción de siete décimas del último trimestre de dos mil doce el consumo interno ha progresado un cero ocho por ciento pero las exportaciones de uno de los principales exportadores del mundo siguen cayendo a pesar de estos datos la economía alemana roza la recesión en relación al primer trimestre del año anterior el PIB ha caído un uno cuatro por ciento 
