 la muerte de un niño tiñe de luto la Cabalgata de reyes de Málaga 
 un menor de seis años de edad ha fallecido tras ser atropellado por una carroza poco antes del tradicional desfile de la noche de los reyes magos el ayuntamiento de la ciudad andaluza ha decretado dos días de luto pero no ha suspendido la Cabalgata 
