 Obama Impulsa en Dénver la campaña por el control de armas 
 el presidente estadounidense dijo ayer que cada día que pasa sin actuar más vidas son robadas por las balas Colorado acaba de aprobar medidas para restringir la compra y tenencia de armas que según Obama son un modelo de lo que es posible llegar a hacer 
