 un importante líder talibán muere en un ataque con drones estadounidenses en Pakistán 
 el Mulah Nazir un destacado líder talibán paquistaní murió el miércoles por la noche junto a su mano derecha Ratta Khan y cuatro de sus lugartenientes en un ataque de drones estadounidenses en el oeste de Pakistán el Mulah murió en el bombardeo de una vivienda cercana a Wana la capital de Waziristán del Sur en esta región tribal paquistaní fronteriza con Afganistán era el líder talibán más poderoso varios talibanes más murieron en otro ataque de un avión no tripulado dirigido contra un automóvil los expertos piensan que la muerte del Mulah Nazir empeorará la situación en al región su grupo no atacaba a las fuerzas paquistaníes con las que había firmado un acuerdo de paz a diferencia de otro grupo talibán rival el Movimiento de los talibanes de Pakistán se calcula que al menos dos mil seiscientos personas han muerto en los bombardeos con drones estadounidenses en Pakistán incluidos varios cientos de civiles 
