 el Ejército nigeriano desmiente la liberación de la familia francesa secuestrada en Camerún 
 la confusión reina sobre la suerte que han corrido los siete miembros de una familia francesa secuestrada el martes en Camerún este jueves un ministro francés anunciaba que la familia había sido encontrada sana y salva en una casa de la localidad nigeriana de Dikwa sin embargo la noticia ha sido después desmentida por el Ejército nigeriano la familia compuesta por tres adultos y cuatro niños fue secuestrada el martes cuando visitaba un parque natural en el norte de Camerún supuestamente por el grupo radical Islámico Boko Haram o su filial Ansaru 
