 Layla Fourie otra de las cintas prometedoras de la Berlinale 
 Layla Fouri es obra de la realizadora sudafricana instalada en Berlín Pia Marais y está protagonizada por Rayna Campbell y August Diehl en una atmósfera de desconfianza mentiras y miedo la película rodada en Johannesburgo narra el calvario de una madre soltera que comete homicidio por accidente según la directora del filme éste no pretende reflejar la situación en Sudáfrica para ella lo importante era la historia de amor incondicional la confianza y desconfianza entre un hombre y una mujer todo comienza un dia aciago de trabajo en su nuevo puesto en un Casino su función consiste en detectar mentiras con el polígrafo o máquina de la verdad pero la fatalidad la convierte en cazador cazado para la actriz Rayna Campbell el rodaje estuvo lleno de momentos mágicos había una alquimia maravillosa como si pudiéramos lograr cualquier cosa no sé fue una experiencia estupenda Layla Fourie la segunda película de Pia Marais compite por el Oso de oro en la Berlinale 
