 Santander una ciudad cada vez más inteligente 
 el proyecto Smart Santander cofinanciado por la UE pretende colocar a Santander en la escena mundial de las ciudades inteligentes de momento ya se han instalado doce cero cero cero sensores que están midiendo contínuamente parámetros de todo tipo como la contaminación el ruido la humedad la luz o el tráfico con la ayuda de un smartphone los ciudadanos no sólo pueden consultar horarios aparcamientos o llevar a cabo trámites administrativos por poner algunos ejemplos también participan en una red de la que se benefician empresas y administraciones públicas ofreciendo un servicio más eficaz y eficiente 
