 muere en un naufragio el campeón olímpico Andrew Simpson 
 el regatista británico Andrew Simpson medallista olímpico en Pekín y en Londres muere en un entrenamiento para la Copa América la embarcación en la que se preparaba junto con su equipo el sueco Artemis volcó en la bahía de San Francisco el campeón olímpico de treinta y seis años quedó bloqueado bajo el navío entre diez y quince minutos una vez fuera del agua los médicos no consiguieron reanimarle otro miembro de la tripulación sufrió heridas en el accidente que se cobró la vida de Bart como se le conocía habitualmente el equipo ha lamentado lo ocurrido y asegura sentir una inmensa tristeza 
