 hasta dos quinientos militares franceses en Mali 
 habrá hasta dos quinientos soldados franceses desplegados en tierra maliense ha afirmado hoy el ministro de Defensa galo Jean Yves le Drian en una entrevista a la cadena de televisión francesa France tres hasta el momento mil ochocientos militares franceses operan en Mali además de tropas de varios países africanos entre ellos Togo la prioridad ahora es controlar las ciudades de Kona y Diabali Kona fue recuperada el pasado jueves por las tropas malienses en Diabali la situación es más complicada el ejército de Mali estaría a las puertas de esta ciudad en donde reina todavía un clima de incertidumbre y no se sabe con certeza si los yihadistas habrían huido hacia el desierto algo menos incierto es el tiempo que permanecerán las tropas francesas el ministro galo de Asuntos Exteriores ha dicho este sábado que Francia tiene intención de dar el relevo a las fuerzas africanas en cuestión de semanas y no de meses 
