 aumenta el número de muertos por gripe aviar en el este de China 
 las autoridades del gigante asiático han anunciado el sexto fallecimiento por el virus H siete N nueve al mismo tiempo que han comenzado el sacrificio masivo de pollos la primera matanza de aves se ha registrado en el mercado de Shanghái donde se detectó el virus el centro se encuentra cerrado el público las exportaciones chinas de aves han empezado ya a sentir los efectos del virus Vietnam ha prohibido su importación aunque por el momento no hay evidencias de que la enfermedad se contagie entre humanos los hospitales de la ciudad más poblada de China han puesto en marcha un plan de emergencia para detectar de manera temprana la gripe aviar unas catorce personas están hospitalizadas 
