 el Gobierno de Hamás impone la separación de niños y niñas en los colegios de Gaza 
 niños y niñas no volverán a compartir las aulas en la franja de Gaza por decisión del Gobierno de Hamás una nueva ley impone la segregación a partir de los nueve años en todos los colegios incluidos los cristianos y los regentados por Naciones Unidas hemos trabajado y discutido con expertos en educación y todos recomiendan este sistema argumenta Walid Mezher consejero jurídico del ministerio de educación en opinión de Zeinab al Ghoneimi que defiende los derechos de las mujeres de Gaza la nueva ley refleja la voluntad de Hamás de imponer sus valores y les critica por no decir claramente que lo que pretenden es islamizar la sociedad esta ley supone una separación continua entre los géneros con el trasfondo de una islamización de la sociedad denuncia el movimiento islamista Hamás ha impuesto otras normas en materia educativa como la obligación de que las jóvenes estudiantes lleven largos vestidos y cubran sus cabezas la nueva ley también impedirá que los profesores den clases a niñas 
