 doble atentado en Daguestán 
 cuatro personas han muerto y más de una decena han resultado heridas en un doble atentado perpetrado con coches bomba en Majachkalá capital de la República rusa de Daguestán vecina de Chechenia esta es una de las siete repúblicas rusas que se encuentran en la conflictiva región del Cáucaso Norte donde actúan varios grupos guerrilleros islamistas 
