 Nueva huelga de funcionarios de la Unión Europea 
 la huelga se produce dos días antes del Consejo Europeo en el que se debatirá el presupuesto comunitario para los próximos años delante de la Comisión han rechazado más recortes en el nuevo presupuesto de dos mil catorce dos mil veinte tenemos serias dificultades para que se incorporen hombres y mujeres competentes al servicio de Europa ha explicado Renzo Carpentino presidente de la Federación Europea de función pública en el Consejo FFPE nos fijamos en los salarios pero eso no es lo más importante lo imporante es que haya una idea europea y seguir con esa idea europea ha dicho Luigia Dricot Daniele del sindicato se Bruxelles la Comisión Europea ya propuso recortar personal y aumentar las horas semanales para ahorrar uno cero cero cero millones de euros en el próximo marco presupuestario pero hay países como el Reino Unido que apuestan por reducir todavía más el gasto algo que es incompatible dicen con el funcionamiento normal de las instituciones de la Unión Europea 
