 los islamistas de Ansar al Din rompen la tregua en Mali 
 así lo ha comunicado Iyad Ag Ghaly el jefe de Ansar al Din uno de los grupos islamistas que controla el norte del país y que junto con el Movimiento Nacional de liberación de Azawad se comprometió en diciembre a dialogar con el Gobierno central del país africano el líder islamista denuncia que Bamako no solo no respeta sus compromisos sino que está preparando una intervención militar el pasado veinte de diciembre el Consejo de Seguridad de la ONU aprobó una resolución que autoriza el despliegue de tropas africanas en el norte de Mali este vasto territorio permanece fuera del control del Gobierno central desde finales de marzo cuando tuvo lugar un golpe militar que derrocó al presidente Amadu Tumani Turé desde entonces los islamistas que defienden la aplicación rigurosa de la ley islámica controlan la zona y utilizan el secuestro como medida de presión 
