 Fidel Castro emocionado en un homenaje a Hugo Chávez 
 primer homenaje de Fidel Castro a Hugo Chávez el líder de la revolución cubana ha hecho una de sus pocas apariciones públicas y se ha mostrado abatido al escuchar una canción en honor al que fuera presidente venezolano la televisión del país ha emitido un inusual reportaje de nueve minutos sobre el acto 
