 el Gran Gastby abre el Festival de Cannes 
 comienza el Festival de Cannes esta noche arranca el prestigioso certamen cinematográfico de la costa azul francesa todo está preparado para recibir a las estrellas que acuden a esta sexuagésimo sexta edición la actriz francesa Audrey Tautou será la encargada de abrir la ceremonia inaugural y Steven Spielberg presidirá el jurado que otorgará la codiciada Palma de oro abre el Festival el Gran Gastby una adaptación de la obra homónima del escritor Scott Fitgerald dirigida por Baz Luhrmann e interpretada por Leonardo di Caprio en el papel central del filme 
