 el Elíseo saca a subasta los vinos de su bodega 
 el Palacio del Elíseo sede de la presidencia francesa saca a subasta algunos de los vinos más selectos de su bodega en total va a vender mil doscientos botellas entre ellas dos Petrus de mil novecientos noventa que podrían alcanzar los dos mil quinientos euros con esta subasta el Elíseo quiere autofinanciar la renovación de su bodega creada en mil novecientos cuarenta y siete y que ha dado de beber a líderes y personas influyentes de todo el mundo 
