 los trabajadores del metal alemanes en huelga 
 quieren mostrar su fuerza ante la nueva ronda de negociaciones salariales que comenzará el ocho de mayo entre el poderoso sindicato IG Metall y la patronal con estas protestas de advertencia pretenden conseguir una subida de los sueldos del cinco cinco por ciento 
