 un autobús se despeña en India con sesenta pasajeros a bordo 
 tragedia en las carreteras indias al menos treinta y dos personas han muerto al despeñarse un autobús que circulaba con exceso de carga por la región montañosa de Himachal Pradesh el accidente se produjo a veinte kilómetros de la ciudad de Kullu a bordo del vehículo iban sesenta personas además de los muertos hay quince heridos con pronóstico reservado el resto de los pasajeros han sido arrastrados por la corriente por lo que no se descarta que haya más víctimas mortales este tipo de accidentes son relativamente comunes en India debido al estado de las carreteras y a la orografía propia de algunas regiones de montaña 
