 casi tres cero cero cero evacuados tras descarrilar un tren en Rusia 
 el descarrilamiento de un tren cargado de combustible ha dejado una treintena de heridos y obligado a evacuar a casi tres cero cero cero personas en la región de Rostov en el sur de Rusia tras el accidente se produjo una gran explosión seguida de un incendio que afectó a numerosas viviendas cercanas a la estación ferroviaria de Biélaya Kalitá 
