 Boeing realiza vuelos de prueba en sus setecientos ochenta y siete con una batería rediseñada 
 Boeing autorizado a hacer pruebas de vuelo para sus setecientos ochenta y siete bloqueados por problemas en sus baterías la agencia Federal americana de aviación anunció en un comunicado este permiso después de que el fabricante estadounidense le comunicara que ha rediseñado estas baterías de litio que se incendiaron en enero por un fallo eléctrico desde esa fecha medio centenar de setecientos ochenta y siete Dreamliner tienen prohibido hacer vuelos comerciales hasta que no se certifique que se ha solucionado el problema 
