 China registró un déficit comercial sorpresa en marzo 
 las importaciones en China la segunda economía del mundo aumentaron por sopresa más que las exportaciones el pasado mes de marzo hasta arrojar un déficit moderado de ochocientos ochenta millones de dólares sin embargo durante la totalidad del primer trimestre el comercio se mantuvo excedentario en cuarenta y tres cero cero cero millones estas informaciones pueden leerse en los dos sentidos puesto que podrían indicar una ralentización económica China pero también que crece el mercado interno para no depender solamente de las exportaciones 
