 Grecia comida gratis como protesta 
 los agricultores griegos protestan regalando comida los productores cargados de frutas y verduras han convocado a las familias con bajos recursos frente al ministerio del Gobierno miles de personas han acudido a la convocatoria los agricultores protestan así por el aumento del costo de producción que está ahogando al sector 
