 Jan Matura hace historia volando' en Sapporo 
 sorpresa mayúscula en Sapporo este hombre el checo Jan Matura ha hecho historia ha volado hasta los ciento treinta y cinco metros para adjudicarse la victoria en el concurso de saltos de esquí de Japón prueba valedera para la Copa del Mundo Matura un veterano de la combinada nórdica ha conseguido así de un plumazo el primer podio y el primer triunfo de su carrera hacía siete años que un checo no ganaba una prueba del circuito de saltos entre los mejores no podía faltar un especialsta noruego como Tom Hilde que ha logrado la segunda plaza quedándose a siete décimas del ganador y la tercera posición ha sido para el esloveno Robert Kranjec uno de los grandes beneficiados por la ausencia de algunas de las figuras de esta especialidad es el caso por ejemplo del austriaco Gregor Schlierenzauer que no obstante continúa al frente de la clasificación general de la Copa del Mundo 
