 el gobierno francés reformará el impuesto del setenta y cinco por ciento a los más ricos 
 el gobierno francés estudia cómo recuperar el impuesto del setenta y cinco por cien a los más ricos tras la censura la semana pasada del Consejo Constitucional según fuentes del Ejecutivo la reforma se presentará en las próximas semanas aunque no se aplicará hasta el impuesto de la renta de dos mil catorce esta tasa extraordinaria del setenta y cinco por cien afectaba a los salarios y parte del capital de más de un millón de euros pero el Constitucional francés dictaminó que no podía hacerse individualmente sino por familia 
