 las primeras tropas africanas de la CEDEAO esperadas hoy en Mali 
 una imagen furtiva tropas especiales francesas avanzando hacia el frente en Mali las fuerzas galas combaten por tierra contra los islamistas en la línea imaginaria que divide el país en dos a la altura de Diabali y Konna París espera hoy refuerzos del contingente africano acordado por la CEDEAO los salafistas están ofreciendo resistencia en un comunicado recibido por la agencia mauritana Alahbar uno de los grupos islamistas los tuareg radicales de Ansa Dine aseguran haber ocupado el miércoles el enclave de Kalla cerca de Konna los radicales disponen de abundante armamento pesado y como reconocen fuentes militares francesas son combatientes veteranos este vídeo enviado por Ansar Dine el lunes siembra dudas sobre quién controla la plaza y parece indicar que los islamistas no han sido derrotados completamente allí muchos de los tuareg de Ansar Dine habrían combatido en el pasado a las órdenes de Gadafi en sus Brigadas africanas 
