 Uruguay dice sí quiero al matrimonio gay 
 el Parlamento de Uruguay aprueba el matrimonio gay por una amplia mayoría la ley de matrimonio igualitario rechazada por la Iglesia católica uruguaya contó con el voto positivo de setenta y uno de los noventa y dos parlamentarios Uruguay es el segundo país de América Latina que lo permite tras Argentina 
