 los rebeldes sirios derriban dos helicópteros de Bachar al Asad 
 el primero fue abatido cerca del aeropuerto militar de Menagh cercado por los insurgentes hace varias semanas y ubicado a unos treinta y cinco kilómetros de Alepo el segundo ha sido derribado en el suroeste de esta ciudad en la zona de Jan al Asal según informa el Ejército libre sirio el batallón de Defensa aérea de Alepo perteneciente al Consejo militar de la ciudad lleva dos meses cercando el aeropuerto de Menagh y ahora hemos derribado un helicóptero vamos a continuar imponiendo una zona de exclusión aérea sobre el aeropuerto de Menagh hasta que tomemos el control explica este combatiente al menos treinta efectivos del régimen y dieciséis rebeldes han perdido la vida en los combates registrados en la provincia de Alepo los comités de coordinación local han denunciado que el Ejército sirio ha bombardeado varias localidades de Homs y los suburbios de Damasco 
