 la policía Argentina desmantela una banda internacional de pedófilos 
 la policía Argentina ha desmantelado una banda internacional de pedófilos que comercializaba pornografía infantil a través de internent sesenta y cuatro personas han sido imputadas la denominada operación Oliver se inició en febrero de dos mil once después de que la Interpol diera la voz de alarma 
