 la juventud chipriota se rebela contra la troika 
 la juventud chipriota se rebela contra acuerdo del rescate financiero portando pancartas contra el Gobierno la troika y Angela Merkel miles de estudiantes de secundaria han recorrido el centro de Nicosia para protestar por las duras condiciones impuestas a cambio de salvar al país de la quiebra es obvio que muchos de nuestros padres perderán sus empleos decía un manifestante todos perderemos y para muchos será muy difícil ir a la Universidad nos han despojado de todos nuestros sueños de todo por lo que hemos trabajado de todo lo conseguido por nuestros padres basicamente están derribando este país porque les da la gana se quejaba otro joven se trata de la primera gran manifestación contra la troika desde el estallido de la crisis bancaria en Chipre en su recorrido los estudiantes han hecho una ruidosa parada frente al Parlamento y otra frente al Palacio presidencial 
