 al menos tres fallecidos en un accidente en el puerto de Génova 
 al menos tres muertos y cuatro heridos además de varios desaparecidos tras un accidente en el puerto de Génova al noroeste de Italia según los primeros datos el barco de carga Jolly Nero que cubre el trayecto de Mesina a Génova se encontraba realizando maniobras cuando ha chocado con la torre de control provocando la inclinación del edificio y la caída al agua de varias personas de las cuales al menos tres han perdido la vida a consecuencia del fuerte choque una parte de la torre de control se ha desplomado al menos cinco personas siguen desaparecidas y podrían encontrarse en el interior del edificio otras cuatro ya habrían sido rescatadas del agua por los equipos de emergencia y llevadas al hospital 
