 Australia McDonald's cambia su nombre por Macca's 
 en Australia este mes no podrán encontrar ni un solo McDonald's todos han cambiado su nombre de forma temporal por el de Macca's como aquí se conocen popularmente a los restaurantes de la cadena se trata de un guiño publicitario del gigante de la comida rápida a los australianos con motivo del día de Australia que se celebra el veintiséis de enero 
