 al menos treinta y tres muertos por un atentado suicida en la ciudad iraquí de Kirkuk 
 nuevo atentado en la ciudad iraquí de Kirkuk al menos treinta y tres personas han muerto después de que un suicida en el interior de un vehículo detonará los bombas a la entrada de una comisaria varios hombres armados comenzaron a disparar después pero los agentes los abatieron el ataque se ha saldado además con cerca de setenta heridos la explosión ha dañado muchos coches que estaban en el exterior y ha enterrado algunos cuerpos bajo los escombros es el tercer atentado en la ciudad situada al norte de Irak y sus alrededores la localidad es también centro de disputa entre el gobierno central y los kurdos que la quieren incorporarla a la región que controlan en el norte de Irak los árabes y turcos que componen el heterogéneo racimo étnico se niegan las fuerzas de seguridad son con frecuencia objetivo de suníes próximos a al Qaeda con este tipo de acciones pretenden resquebrajar la confianza en el primer ministro el chií Nuri al Maliki 
