 el papa Francisco tiende la mano a los judíos 
 una de las primeras cosas que hizo Jorge Mario Bergoglio tras ser nombrado papa fue escribir una carta dirigida al barrio judío de Roma el destinatario el Rabino jefe de la capital italiana un gesto que ha sido apreciado por los vecinos del barrio cada uno tiene su propia fe religión y creencias el diálogo es posible siempre que haya humildad en las dos partes declara esta vecina el Rabino Ricardo di Segni ha aceptado la invitación del papa y asistirá el próximo martes a la misa de entronización el Pontifice ha prometido estrechar su relación con los judíos relación marcada por el conflicto palestino israelí el Vaticano está presente en Oriente próximo como parte implicada en el conflicto y no como una entidad neutral pero si esa parte está dispuesta a mantener conversaciones de paz razonables es bienvenida afirma di Segni Francisco continúa la senda marcada por sus antecesores Juan Pablo II y Benedicto XVI hacia una reconciliación entre católicos y judíos 
