 los responsables de la investigación de Boston piden ayuda a los ciudadanos 
 los responsables de la investigación del atentado de Boston han ofrecido una conferencia de prensa en la que han dado algunos detalles de lo ocurrido pero sobre todo han pedido la cooperación de los ciudadanos responsables del FBI y de la policía han hecho un llamamiento para que cualquier video cualquier fotografía cualquier información sea puesta a disposición de la investigación es importante dejar claro explicó el gobernador de Massachussets que solo hubo dos artefactos explosivos que fueron localizados toda la zona fue examinada pero no se encontraron otras bombas todos los responsables de la ciudad de Boston incluído el alcalde que también estuvo presente en la conferencia de prensa quisieron agradecer la ayuda prestada por los ciudadanos en un primer momento tras la explosión gracias a ellos dijeron se consiguieron salvar muchas vidas 
