 calor de récord en Sídney 
 los termómetros han rozado este viernes en Sídney los cuarenta y seis centígrados una temperatura jamás alcanzada en ciento cincuenta años de registro en este verano austral particularmente caluroso las playas están llenas pero también los centros de asistencia médica y además se han producido cientos de incendios en todo el país 
