 Chile und Argentinien befürchten Vulkanausbruch 
 Chile und Argentinien befürchten einen Ausbruch des Vulkans Copahue in einem Umkreis von fünf und zwanzig Kilometern werden alle Menschen in Sicherheit gebracht der Vulkan liegt fast auf der Grenze zwischen beiden Ländern zuletzt war er im Dezember ausgebrochen View Larger Map 
