 Federal Reserve bestätigt ihren eigenen Kurs 
 die Notenbank der USA will so weitermachen wie bisher angesichts einer weiter schwächelnden amerikanischen Wirtschaft so bleibe der Leitzins auf dem historischen Niedrigstand zwischen null und null fünf und zwanzig Prozent teilt die Federal Reserve mit auch ihre Anleihekäufe werde sie fortsetzen dabei kauft sie Monat für Monat amerikanische Staatspapiere für fünf und achtzig Milliarden Dollar auf die Lage auf dem Arbeitsmarkt habe sich zwar verbessert nennt die Notenbank als Begründung für ihren Kurs aber trotzdem sei die Arbeitslosigkeit in den USA weiterhin hoch und die Wirtschaft wachse nur in einem mäßigen Tempo den Zentralbankern schwebt eine Arbeitslosenquote von sechs fünf Prozent vor so lange wollen sie auf jeden Fall ihre Niedrigzinspolitik fortführen derzeit liegt die Arbeitslosigkeit aber noch um über einen Punkt höher nämlich bei sieben sechs Prozent 
