 Hauptverdächtiger der Anschläge von Reyhanli gefasst 
 die türkische Polizei hat den Hauptverdächtigen der Anschläge von Reyhanli festgenommen der Gouverneur der Provinz Hatay sagte der Mann sei gefasst worden als er versuchte über die Grenze nach Syrien zu fliehen bei den Explosionen in der Stadt im Süden der Türkei waren am vergangenen Samstag mehr als fünfzig Menschen getötet worden der Festgenommene soll der Drahtzieher der Anschläge sein es gebe Beweise für dessen Kontakte zum syrischen Geheimdienst dieser sei in die Taten verstrickt so die türkischen Behörden die Ermittler untersuchen derzeit die mutmaßliche Beteiligung von insgesamt sechsehn Personen nach weiteren Verdächtigen werde gefahndet erklärte der Gouverneur in Istanbul kam es unterdessen zu gewaltsamen Protesten die Demonstranten weisen der türkischen Regierung die Schuld für die Anschläge zu die Polizei setzte Tränengas und Wasserwerfer ein 
