 mehr als zwanzig Tote bei Flugzeugabsturz in Kasachstan 
 bei einem Flugzeugabsturz in Kasachstan sind alle ein und zwanzig Menschen an Bord umgekommen das Unglück passierte auf einem Inlandsflug kurz vor der Landung in Almaty der größten Stadt des Landes und früheren Hauptstadt das Flugzeug war eine CRJ zwei hundert des Herstellers Bombardier und gehörte der kasachischen Fluggesellschaft Scat die Absturzursache ist bisher unbekannt die Flugschreiber wurden inzwischen aber geborgen 
