 Außenminister von Burkina Faso erleidet Schwächeanfall 
 der Außenminister des westafrikanischen Staates Burkina Faso hat während einer Pressekonferenz in Ankara einen Schwächeanfall erlitten Djibrill verlor kurz das Bewusstsein nach einer kurzen Erholungspause auf einem Stuhl konnte er den Saal selbst verlassen hielt sich zu Gesprächen mit seinem türkischen Amtskollegen Ahmet Davutolu in der Türkei auf 
