 Terroranschläge auf Botschaften in Kairo vereitelt 
 eine Zelle der Terrororganisation al Qaida hat Selbstmordanschläge auf die französische und die amerikanische Botschaft in Kairo geplant das Attentat auf die Vertretung Frankreichs hatte nach Angaben ägyptischer Ermittler den Protest gegen den Einsatz französischer Soldaten in Mali ausdrücken sollen 
