 US Vizepräsident Biden eingeschworen 
 wenige Stunden vor US Präsident Barack Obama hat Vizepräsident Joe Biden seine zweite Amtszeit begonnen der siebzig jährige legte den Amtseid am Sonntagvormittag an seinem offiziellen Wohnsitz in Washington ab eingeschworen wurde er erstmals von einer hispanischen Richterin am Obersten Gerichtshof der Vereinigten Staaten von Sonia Sotomayor er schwor auf eine Bibel mit einem keltischen Kreuz die sich seit tausend acht hundert drei und neunzig im Familienbesitz der Bidens befindet an der privaten Zeremonie nahmen hundert zwanzig Gäste und einige Journalisten teil Bidens Hauptaufgabe als Vizepräsident ist der Vorsitz im Senat könnte Obama sein Amt nicht mehr ausüben würde der Vize an seine Stelle als Staatschef und Oberbefehlshaber der Streitkräfte treten zuletzt geschah dies tausend neun hundert vier und siebzig als Gerald Ford den zurückgetretenen Richard Nixon ersetzte 
