 Istanbul Krawalle bei Park Räumung 
 in Istanbul hat die Polizei am frühen Donnerstagmorgen den Taksim Park geräumt seit vier Tagen war die Grünfläche von Demonstranten besetzt die gegen die Umgestaltung des Parks demonstrieren die Stadtverwaltung will auf dem Gelände ein Einkaufszentrum und Wohnungen errichten sowie eine Straße verbreitern die Demonstranten beklagen dass mit der Neugestaltung die letzte Grünfläche in Istanbul zerstört wird bei der Räumung setzte die Polizei Wasserwerfer und Pfefferspray ein bereits gestern hatte die Polizei den Park geräumt als die Bauarbeiten begannen stellte sich ein Parlamentsabgeordneter der Partei des Friedens und der Demokratie BDP den Baggern entgegen daraufhin wurden die Bauarbeiten eingestellt und im Laufe des Tages der Park erneut besetzt die republikanische Volkspartei CHP kündigte an sich dem Protest anzuschließen und täglich Abgeordnete in den Park zu schicken 
