 Russland Putin Gegner erinnern an blutige Krawalle 
 russische Regierungsgegner haben in Moskau gegen Präsident Putin demonstriert Sie erinnerten an das gewaltsame Vorgehen der Sicherheitskräfte gegen Anti Putin Proteste vor einem Jahr am sieben Mai zwei tausend zwölf war Putin als Präsident wiedergewählt worden in der Nacht zuvor war es zu Zusammenstößen zwischen oppositionellen und Sicherheitskräften gekommen 
