 wenn die Liebe zur Firma bis unter die Haut geht 
 bei Mitarbeitern einer New Yorker Immobilienfirma ist das der Fall Sie lassen sich deren Logo tätowieren denn dafür bekommen sie fünfzehn Prozent mehr Geld und das Unternehmen zählt auch noch das Tattoo gut vierzig Mitarbeiter haben das Angebot schon angenommen große und Platzierung der Tätowierung sind egal auch unauffällige stellen wie zum Beispiel hinterm Ohr gelten meine Frau war ein bisschen besorgt aber ich hab ihr gesagt das ist doch das beste Bekenntnis das ich mir denken kann erzählt einer der Tätowierten seine Kollegin grinst meine Gehaltszahlung hat sich substanziell verändert das war also ganz schon einem anderen Kollegen ist dagegen seine Haut zu schade da musste die Gehaltserhöhung schon außergewöhnlich sein der Chef will von einem Mitarbeiter auf die Idee gebracht worden sein der sich von sich aus das Logo tätowieren ließ das nennt man Loyalität 
