 Papst feiert letzte große Messe 
 Papst Benedikt XVI hat seine letzte große Messe gefeiert über dem Grab des Apostels Petrus leitete er die Aschermittwochsliturgie zum Beginn der Fastenzeit der Gottesdienst wurde wegen des Ansturmes von Gläubigen im Petersdom abgehalten das scheidende Kirchenoberhaupt betonte in seiner predigt die Fastenzeit sei eine Zeit der Umkehr zu Gott mit einer bewegenden Generalaudienz hatte der Papst zuvor seinen Rücktritt vor den Gläubigen begründet und darum gebeten weiterhin für ihn zu beten Benedikt XVI wird sein Amt als Oberhaupt der katholischen Kirche am acht und zwanzig Februar abgeben und sein Pontifikat damit beenden als Grund nannte der fünf und achtzig jährige seine schwindende Kraft innerhalb von fünfzehn bis zwanzig Tagen muss dann das Konklave beginnen das seinen Nachfolger wählt bis Ostern soll feststehen wer neuer Papst wird einen Favoriten gibt es bisher nicht 
