 erste Marsbohrung geglückt 
 der NASA ist erstmals eine Bohrung auf dem Mars gelungen wie die US Raumfahrtbehörde am Samstag mitteilte bohrte der Roboter Curiosity ein eins sechs Zentimeter breites und sechs vier Zentimeter tiefes Loch in einen Felsen auf dem roten Planeten die NASA sucht im Grund des Mars nach Spuren früherer Wasservorkommen damit soll geklärt werden ob auf dem Planeten jemals biologisches Leben möglich gewesen ist der Marsroboter ist mit Instrumenten ausgerüstet die den entnommenen Gesteinsstaub nun analysieren Curiosity war Anfang August nach einer mehr als achtmonatigen Reise durchs all auf dem Mars gelandet die umgerechnet eins neun Milliarden Euro teure Mission ist auf einen Zeitraum von zwei Jahren angelegt zuvor hatte die NASA acht verschiedene Bohrer entwickelt und Probebohrungen an Gesteinsarten der Erde vogenommen 
