 deutsche Wirtschaft durchläuft Schwächephase 
 das vierte Quartal zwei tausend zwölf dürfte für die deutsche Wirtschaft nicht gut verlaufen sein laut Bundeswirtschaftsminister Philipp Rösler ging das Bruttoinlandsprodukt in diesem Zeitraum deutlich zurück im Monatsbericht des Ministeriums heißt es vor allem das schwierige internationale Umfeld habe die Konjunktur belastet dennoch ist Rösler zuversichtlich die Schwächephase bald zu überwinden denn die Wirtschaft sei generell in guter Verfassung 
