 EU entsendet Militärausbilder nach Mali 
 französische Soldaten kämpfen in Mali gegen islamistische Terroristen die EU wird sich an dem Einsatz militärisch nicht beteiligen die EU will jedoch etwa zwei hundert fünfzig Militärausbilder in das westafrikanische Land entsenden dies beschlossen die Außenminister in Brüssel Frankreichs Außenminister Laurent Fabius schloss die Entsendung von Soldaten durch andere EU Staaten nicht aus betonte jedoch dass dies in der Verantwortlichkeit der einzelnen Länder liege zwingen könne man sie dazu nicht der Außenminister Malis Tieman Coulibaly zeigte sich zufrieden mit der Zusicherung der EU nicht nur Frankreich sondern auch sein Land zu unterstützen die Militärausbilder aus Europa werden voraussichtlich im Februar in dem westafrikanischen Staat eintreffen auch sagte die EU der Truppe der westafrikanischen Wirtschaftsgemeinschaft ECOWAS finanzielle und logistische Hilfe zu 
