 US Aktien Krise welche Krise 
 der US Aktienindex Dow Jones hat am Dienstag mit vierzehn zwei hundert drei und fünfzig Punkten geschlossen nach hauchdünnem Zuwachs das höchste Kursniveau seiner Geschichte damit wurden die bisherige Höchstmarken vor der Finanzkrise Anfang Oktober zwei tausend sieben klar übertroffen seit Beginn des Jahres ist der Dow Jones Index in dem dreißig der größten Konzerne der USA notiert sind um fast neun Prozent gestiegen diese Euphorie schwappte auch nach Asien Japans Nikkei öffnete mit dem höchsten Wert seit Ende zwei tausend neun auch die anderen asiatisch pazifischen Märkte legten zu die Ölpreise stiegen im asiatischen Handel nach der Nachricht vom Tod von Hugo Chavez Venezuela ist ein wichtiger lateinamerikanischer Rohöl Produzent laut OPEC hat das Land die mächtigsten Ölreserven der Welt mit Reuters 
