 Troika in Griechenland keine neuen Hilfsgelder freigegeben 
 die erste Gesprächsrunde zwischen den internationalen Geldgebern und dem griechischen Finanzminister Ioannis Stournaras ist ohne Ergebnis zu Ende gegangen die Troika überprüft die Reformfortschritte in Griechenland und entscheidet über die Auszählung neuer Hilfsgelder insgesamt geht es um Tranchen in Höhe von fast neun Milliarden Euro 
