 britischer Premierminister Cameron der Terrorismus kann nie gewinnen 
 der britische Premierminister David Cameron wurde in Paris von dem Soldatenmord in London überrascht er rief umgehend den nationalen Sicherheitsrat Cobra zusammen und ist nach Großbritannien zurückgekehrt Cameron sagte auf einer Pressekonferenz wir werden uns um alle Sicherheitsaspekte kümmern und alles tun um den Vorfall aufzuklären wir dürfen aber nicht vergessen dass wir in einem freien Land leben der beste Weg gegen den Terrorismus zu kämpfen ist seinen Alltag normal weiterzuleben und damit zu zeigen dass der Terrorismus nie gewinnen kann die Sicherheitsvorkehrungen im Umfeld der Kaserne in Woolwich wo der Anschlag geschah sowie an anderen britischen Militäreinrichtungen wurden verstärkt 
