 Spanien trudelt weiter 
 Spaniens Wirtschaft ist im ersten Quartal weiter geschrumpft null fünf Prozent im Vergleich zu den letzten drei Monaten zwei tausend zwölf verglichen mit dem gleichen Quartal im Jahr zuvor wurde zwei Prozent weniger produziert immerhin wurde der Abstieg etwas flacher Spaniens Wirtschaft steckt seit fast zwei Jahren in der Rezession der Anstieg der Verbraucherpreise verlangsamte sich auf eins fünf ein mögliches Vorzeichen für Deflation mit Reuters 
