 Christen feiern die Osternacht 
 es war das erste Mal in seinem Pontifikat Papst Franziskus hat am Abend im Petersdom mit Tausenden Gläubigen die Osternacht gefeiert am Ostersonntag wird Franziskus dann zum ersten Mal den Segen Urbi et Orbi der Stadt und dem Erdkreis spenden ein besonderes Spektakel anlässlich des Osterfestes gab es für die italienischen Fernsehzuschauer zum ersten Mal seit vierzig Jahren wurde das berühmte Turiner Grabtuch live gezeigt das Tuch soll der Überlieferung nach den Leichnam Jesu bedeckt haben und noch immer sein Angesicht zeigen weltweit konnten die Menschen das Ereignis auch Online verfolgen aber natürlich wird das Osterfest nicht nur in Europa begangen weltweit gedenken die Menschen dem Tod und der Auferstehung Jesu in Bethlehem versammelten sich die Gläubigen in der Geburtskirche 
