 Japan wirft die Notenpresse an 
 Japan sagt der Deflation und der Konjunkturflaute den Kampf an die japanische Regierung und die Notenbank kündigten in einer gemeinsamen Erklärung eine Geldschwemme an ab dem kommenden Jahr soll die Zentralbank jeden Monat Anleihen im Wert von umgerechnet mehr als hundert Milliarden Euro ankaufen gleichzeitig wurde das mittelfristige Inflationsziel von ein auf zwei Prozent erhöht Kritik an den geplanten Maßnahmen kommt aus der deutschen Bundesbank Sie befürchtet dass die Unabhängigkeit der Zentralbanken weltweit gefährdet wird 
