 Indonesisches Flugzeug landet neben Rollbahn in flachem Wasser 
 ein Flugzeug hat in Indonesien die Landebahn verfehlt und ist stattdessen im Wasser gelandet an dieser Stelle direkt am Ufer ist es aber seicht es gab keine Toten einige Menschen wurden leicht verletzt der Rumpf des Flugzeugs zerbrach das Unglück ereignete sich auf einem Inlandsflug kurz vor der Landung auf der Ferieninsel Bali an Bord der Maschine waren gut einhundert Menschen wie es zu dem Unglück kam ist unbekannt das Flugzeug eine Boeing sieben hundert sieben und dreißig gehört der indonesischen Gesellschaft Lion Air dem größten Billigflieger des Landes nach ihren Angaben war es erst letztes Jahr in Dienst gestellt worden in der EU dürfte Lion Air nicht fliegen die Firma steht auf der EU Liste der unsicheren Fluglinien 
