 FC Chelsea Europa League Sieger 
 durch ein Last Minute Tor von Branislav Ivanovic sicherten sich die Engländer den zwei eins Sieg in Amsterdam über Benfica Lissabon rund sieben und vierzig null null null Zuschauer sahen zu Beginn klar überlegene Portugiesen die aber glücklos im Abschluss waren Chelsea erschreckend schwach eins null Fernando Torres für Chelsea in der neun und fünfzig Minute eins eins durch Oscar Cardozo in der sieben und sechzig Minute jetzt war es das erwartet spannende Endspiel das zwei eins durch Ivanovic brachte den Sieg der FC Chelsea ist momentan amtierender Champions und Europa League Sieger Benfica Lissabon verlor das siebte europäische Finale in Folge 
