 nun auch Pferdefleisch in Produkten 
 der größte Lebensmittelkonzern der Welt hat in Italien und Spanien Pastagerichte aus den Supermarktregalen nehmen lassen Grund sind auch hier Rückstände von Pferdefleisch bei den Produkten handelt es sich laut Verpackung um Raviolo und Tortellini mit Rindfleisch sowie um Lasagne der Konzern teilte mit aus Sicherheitsgründen kein Rindfleisch mehr von einem in die Kritik geratenen deutschen Lieferanten zu beziehen letzte Woche hieß es noch bei die Gerichte des Schweizer Unternehmens seien nicht vom Skandal betroffen 
