 Europawahl zwei tausend vierzehn es geht auch um den Chef der EU Kommission 
 bei der Europawahl zwei tausend vierzehn soll es nicht nur um die Abgeordneten sondern auch um den künftigen Präsidenten der EU Kommission gehen dies empfahl die Kommission die damit einer ähnlichen Entschließung des Europaparlaments folgte demnach sollen die nationalen und europäischen Parteien ihren Kandidaten für das Amt des Kommissionspräsidenten benennen zwar schlagen die Staats und Regierungschefs der Mitgliedsstaaten nach wie vor einen Kandidaten vor müssen aber anders als bisher dabei auch das Ergebnis der Wahl berücksichtigen die Europawahl soll zwischen dem zwei und zwanzig und fünf und zwanzig Mai zwei tausend vierzehn stattfinden 
