 Physiker nehmen weitere Hürde bei Entdeckung des Higgs Teilchens 
 Physiker sind dem jahrzehntelang gesuchten mysteriösen Higgs Teilchen entscheidende Schritte nähergekommen das neue Teilchen sehe mehr und mehr aus wie ein Higgs Teilchen teilte das europäische Kernforschungszentrum CERN in Genf mit das winzige Higgs Teilchen gilt als letzter noch unentdeckter Baustein der Materie es sei aber noch nicht endgültig klar ob es sich tatsächlich um das im Standardmodell der Materie vorhergesagte Higgs Teilchen handle oder ein um anderes räumten die Wissenschaftler ein 
