 Zypern sucht Wege aus der Krise 
 wie kann sich Zypern aus der Krise befreien das ist jetzt die Sorge von Präsident und Regierung das Staatsoberhaupt hat dazu einen Zwölfpunkteplan entworfen zu diesem Plan gehören Steuerbefreiungen auf Firmengewinne die wieder auf Zypern investiert werden außerdem sollen ausländische Investitionen angelockt werden der Plan des Präsidenten enthält aber auch Vorhaben wie das auf der Insel in Zukunft ein Spielkasino zu eröffnen das scheiterte bisher am Widerstand der orthodoxen Kirche genauer gesagt geht es dabei um den griechisch geprägten Teil der Insel im türkisch geprägten Teil der seinen eigenen wenn auch nicht anerkannten Staat bildet sind Kasinos schon erlaubt innerhalb der nächsten zwei Wochen soll die Regierung den Plan verabschieden 
