 Pakistan Dutzende Tote bei Anschlag auf Schiiten 
 bei einem Bombenanschlag in der pakistanischen Stadt Quetta sind mindestens achtzig Menschen getötet und zwei hundert weitere verletzt worden nach Angaben der Polizei ereignete sich die Explosion auf einem belebten Gemüsemarkt in einem schiitisch geprägten Wohnviertel unter den Toten seien auch Kinder der Sprengsatz ist jüngsten Angaben zufolge offenbar in einem Wasser Tankwagen versteckt gewesen und ferngezündet geworden einer der Rettungsarbeiter erklärte wir wissen nicht wieviele Menschen unter den Trümmern begraben sind aber wir rechnen damit mindestens vierzig Leichen zu finden viele der Verletzten befinden sich in einem kritischen Zustand die Provinzregierung kündigte für diesen Sonntag einen offiziellen Tag der Trauer an die verbotene extremistische sunnitische Gruppe Lashkar i Jhangvi hat sich zu der Tat bekannt es wäre nicht der erste blutige Anschlag dieser Gruppierung 
