 empört euch Autor Hessel ist tot 
 der Schriftsteller und ehemalige Widerstandskämpfer Hessel ist tot der Autor des globalisierungskritischen Bestsellers empört euch Indignez Vous starb in der Nacht zum Mittwoch wie seine Frau Christiane Hessel Chabry mitteilte der gebürtige Berliner wurde fünf und neunzig Jahre alt nach dem Krieg wurde Hessel Diplomat er arbeitete am Text für die allgemeine Erklärung der Menschenrechte mit die die Vereinten Nationen tausend neun hundert acht und vierzig verabschiedeten später wurde Hessel UN Botschafter in Genf mit der im Oktober zwei tausend zehn veröffentlichten Streitschrift empört euch hatte Hessel im hohen Alter noch einen Sensationserfolg gefeiert das schmale Protestbuch des ehemaligen erreichte eine Millionenauflage und wurde weltweit zu einer Art Bibel von Globalisierungsgegnern und Anhängern der Occupy Bewegung 
