 Europa League Siege für Chelsea und Fenerbahce 
 der FC Chelsea hat das Halbfinal Hinspiel in der Europa League beim FC Basel mit zwei eins gewonnen für die Engländer trafen Moses und David Luiz Schär hatte das Tor für die Schweizer geschossen Fenerbahce Istanbul schlug Benfica Lissabon im zweiten Halbfinale mit eins null den Treffer für die Türken erzielte Korkmaz die Rückspiele steigen am zwei Mai 
