 Mission erfüllt ISS Crew landet in Kasachstan 
 der bisherige Kommandeur der Internationalen Raumstation ISS Chris Hadfield ist zurück auf der Erde der Kanadier landete in einer Sojus Kapsel am Montag Nachmittag Ortszeit zusammen mit dem NASA Astronauten Tom Marshburn und dem russischen Kosmonauten Roman Romanenko in der kasachischen Steppe ein russisches Bergungsteam half den drei Raumfahrern aus ihrer Kapsel nach mehr als hundert vierzig Tagen in der Schwerelosigkeit müssen sich die Muskeln der Crewmitglieder erst wieder an die Erdanziehungskraft gewöhnen in Kasachstan waren die Männer vor fünf Monaten auch zur ISS aufgebrochen ihre Rückkehr beendet ihre Expedition mit der Nummer fünf und dreißig und ist gleichzeitig der Beginn der Folgemission mit der Nummer sechs und dreißig die bis September dauern wird die internationale Raumstation ISS soll noch bis zwei tausend zwanzig in Betrieb bleiben 
