 Hauptpreis in Cannes für Film und seine beiden Darstellerinnen 
 nicht nur der Film la vie wurde in Cannes ausgezeichnet sondern in einem ungewöhnlichen Schritt gleichermaßen seine beiden Hauptdarstellerinnen so sei das Leben meint eine von ihnen Exarchopoulos über diesen Film es gehe um Liebe aber der Regisseur habe auch den Sex zeigen wollen denn es gehe ebenso um die Entdeckung des Verlangens auch eine weitere französische Schauspielerin kommt in Cannes zu Ehren Bejo in ihrer Rolle in Le des iranischen Regisseurs Asghar Farhadi bisher war Bejo vor allem bekannt aus dem Film the Artist danach sagt sie hatte diese neue Rolle für sie gar nicht besser kommen können Sie entwickele sich von einer sehr positiven zu einer komplizierteren Figur auf der Suche nach der Liebe besser gehe es für einen Schauspieler nicht 
