 Hotel de Crillon schließt 
 das berühmte Hotel de Crillon in Paris schließt am kommenden Wochenende für zwei Jahre in dieser Zeit soll das Hotel eines der ältesten Luxushotels weltweit restauriert werden an der Prachtstraße Champs verabschiedeten sich an diesem Sonntag alte Stammgäste mit einem Gruß vom Hotel Personal 
