 G acht Staaten Maßnahmen gegen Nordkorea 
 die sieben wichtigsten westlichen Industrieländer und Russland die G acht Staaten haben das Säbelrasseln aus Pjöngjang bei ihrem Treffen in London aufs Schärfste verurteilt Sie wollen gemeinsam den Druck auf Nordkorea erhöhen das Kriegsgebahren einzustellen der britische Außenminister William Hague sagte sollte Nordkorea erneut einen Atomtest durchführen würden die G acht Maßnahmen ergreifen Hague rief Pjöngjang auf offene und ehrliche Gespräche auf multilateraler Ebene über einen Ausstieg aus der nuklearen Aufrüstung aufzunehmen die Sicherheitslage auf der koreanischen Halbinsel stand auch im Mittelpunkt eines Treffens von NATO Generalsekretär anders Fogh Rasmussen mit dem südkoreanischen Außenminister Yun Byung se in Seoul es ist der erste Besuch eines NATO Generalsekretär in Südkorea 
