 Präsidentenweine unter dem Hammer 
 es ist die erste Auktion aus den Kellern des unter den Hammer gekommen sind edelste Weine des Präsidentenpalastes in Paris hauptsächlich Bordeaux und Burgunder tausend zwei hundert Flaschen wechselten den Besitzer mit einem Teil des Erlöses soll der Weinkeller wieder neu bestückt werden der Rest fließt in den französischen Haushalt 
