 warten auf den Schneesturm 
 auf einen gewaltigen Schneesturm bereitet sich die Ostküste der USA vor alle Zugverbindungen in der Region und mehr als vier tausend Flüge wurden gestrichen auch Flüge aus Deutschland waren betroffen der Bürgermeister von Boston ordnete ein Fahrverbot an auch der öffentliche Nahverkehr soll dann stillstehen Supermärkte meldeten Hamsterkäufe besonders Trinkwasser Streusalz und Schneeschaufeln waren gefragt New Yorks Bürgermeister Michael Bloomberg sprach von zwei hundert fünfzig null null null Tonnen Streusalz mit denen die Straßen der Stadt präpariert würden Ewartet ird bs zu einem Meter Neuschnee noch am Nachmittag war von der Weißen Pracht wenig zu sehen doch in der Nacht zum Samstag soll es laut nationalem Wetterdienst richtig losgehen die lokale Katastrophenbehörde warnte vor extrem gefährlichen Bedingungen 
