 Peres fordert Intervention der arabischen Liga in Syrien 
 der israelische Präsident Schimon Peres hat eine Intervention der arabischen Liga in Syrien gefordert die arabische Lige könne und solle eine provisorische Regierung in Syrien bilden um das Massaker zu beenden sagte Peres vor dem Europäischen Parlament in Straßburg die Vereinten Nationen sollten die arabische Liga dabei unterstützen eine arabische Truppe aus Blauhelm Soldaten zu bilden fügte er hinzu die arabische Liga hatte die Mitgliedschaft Syriens ausgesetzt Peres forderte die EU und die internationale Gemeinschaft erneut auf die Hisbollah auf die Liste der Terror Organisationen zu setzen nennen Sie den Terror beim Namen retten Sie den Libanon vor dem terroristischen Irrsinn retten Sie das syrischen Volk vor seinen iranischen Stellvertretern schützen Sie unsere und ihre Bürger vor der Hisbollah die Hisbollah ist eine Terrororganisation und nicht eine politische Bewegung Peres äußerte sich zuversichtlich zu einem Friedensprozess Israels mit den Palästinensern 
