 UNO stoppt Essensspenden im Gaza Streifen 
 die UNO hat beschlossen die Verteilung von Lebensmitteln im Gazastreifen vorerst einzustellen zuvor waren UNO Mitarbeiter von wütenden Demonstranten angegriffen worden weil sie wegen ihres knappen Budgets weniger Geld an Bedürftige Palästinenser ausgehändigt hatten die Hamas forderte die UNO auf ihre Entscheidung zu überdenken warum schließt das Hilfswerk der Vereinten Nationen seine Verteilzentren das wirft Tausende Fragen auf gibt es Menschen die wollen dass wir noch mehr leiden so ein Passant rund acht hundert null null null Palästinenser zwei Drittel der Bevölkerung des Gaza Streifen sind auf die Nahrungsmittelspenden angewiesen 
