 fünf Tote bei Busunglück in Belgien 
 bei einem Busunglück nahe der belgischen Stadt Antwerpen sind am frühen Morgen fünf Menschen ums Leben gekommen der polnische Bus mit rund vierzig Jugendlichen aus Russland kam gegen sechs Uhr dreißig aus ungeklärter Ursache von der Autobahn E vier und dreißig ab und stürzte einen Abhang herunter drei Jugendliche und beide polnischen Busfahrer starben russische Medien sprachen auch von einem russischen Lehrer unter den Todesopfern knapp zwanzig weitere Passagiere wurden verletzt einige schwer und in umliegende Krankenhäuser gebracht die übrigen wurden psychologisch betreut die Schüler waren auf einer Klassenreise von Russland nach Paris andere Fahrzeuge waren nicht in den Unfall verwickelt Bremsspuren sollen ebenfalls nicht entdeckt worden sein was darauf hindeuten könnte dass der Busfahrer am Steuer einschlief die belgischen Behörden bereiteten die Ankunft der russischen Angehörigen und Hinterbliebenen vor 
