 Kreuzfahrer Alptraum mit Tempo Rasenmäher Richtung Hafen 
 die knapp drei zwei hundert Passagiere des im Golf von Mexiko havarierten Kreuzfahrtschiffes Triumph können sich auf zuhause freuen noch vor dem Wochenende sollen sie den Hafen in mobile im US Bundesstaat Alabama erreichen seit Tagen ziehen Schlepper der US Küstenwache den navigierunfähigen Luxusliner über das Meer das vierzehn stöckige Kreuzfahrtschiff habe dabei wegen des starken Winds nur mit der Geschwindigkeit eines Rasenmähers vorwärtsbewegt werden können berichteten Medien Angehörige können die Ankunft kaum erwarten Nelly Betts hat eine Tochter an Bord der Carnival Triumph ich bin traurig ich bin deprimiert ich bin am Boden zerstört ich bin sehr am Boden zerstört das dauert jetzt zu lange die sollten doch schon zu Hause sein einfach schrecklich das Kreuzfahrtschiff ist seit vergangenem Sonntag wegen eines Brandes im Motorraum navigierunfähig auch Stromversorgung Abwassersystem und Klimaanlage haben gelitten mit dpa 
