 riesige Kesselwagenexplosion in Belgien 
 drei Kesselwagen mit giftigen Chemikalien sind bei einem Bahnunglück nahe der belgischen Stadt Gent explodiert nach Angaben der Polizei wurde ein Anwohner getötet und siebzehn weitere Menschen teils schwer verletzt als sechs Kesselwagen eines insgesamt dreizehn Tank Waggons zählenden Güterzuges im Ort Wetteren entgleisten und umstürzten einige der Anwohner klagten später über Unwohlsein und wurden ins Krankenhaus gebracht das Unglück ereignete sich bereits in der Nacht zum Samstag über der Unglücksstelle stieg eine hohe Säule dunklen Rauchs auf die Rettungskräfte brachten rund zwei hundert fünfzig Menschen die in einem Umkreis von fünf hundert Metern um die Unglücksstelle lebten in Sicherheit die Feuerwehr teilte mit sie lasse die Kesselwagen kontrolliert abbrennen weil Löschversuche dazu führen könnten dass noch giftigere Gase entstünden 
