 Terrorist entkommt aus Hausarest 
 ein zwei tausend sieben verurteilter Terrorist ist in Paris aus dem Hausarrest entkommen der Algerier Said Arif war Mitglied eines Netzwerkes das Anschläge im ostfranzösischen Straßburg geplant hatte nach Angaben des französischen Innenministers entkam Arif kurz vor seiner Abschiebung mit einem gestohlenen Wagen 
