 Großbritanniens Grenzen macht die Insel dicht 
 Großbritannien schlechtes Wetter lange Warteschlangen bei der Einreise warum also gerade dorthin ziehen das ist der Tenor einer Negativkampagne mit der ein Teil der britischen Presse Neueuropäer aus Bulgarien und Rumänen aus dem Land zu halten versuchte und tatsächlich wächst die Skepsis der Briten gegenüber dem Prinzip der Freizügigkeit innerhalb der Europäischen Union das ab Januar auch für diese beiden südosteuropäischen Länder gelten wird rollt eine Welle von Einwanderern auf die Insel zu im Jahr zwei tausend siebzehn soll es gar ein Referendum über einen möglichen Austritt des Königreichs aus der EU geben und die United Kingdom Independence Party die sich für weniger Zuwanderung stark macht verzeichnete bei den vergangenen Gemeinderatswahlen Zulauf Großbritanniens Grenzen unser Thema in einer neuen Ausgabe von Reporter 
