 Berlinale von Frackern und Schwulen Priestern 
 bei der drei und sechzig Berlinale hat das Rennen um die Bären begonnen im offiziellen Wettbewerb konkurrieren neunzehn Filme zum Beispiel Promised Land der Film von Gus Van Sant stellt zum Thema Fracking die Gewissensfrage und Matt Damon mutiert zum Werkzeug des Bösen aus Polen kommt in the Name of von Malgoska Szumowska ein Drama um einen Schwulen Priester Regisseurin und Drehbuchautorin Malgoska Szumowska warum ich diesen Film gemacht habe unter anderem um das Anderssein zu verteidigen und das Recht zu lieben und auch ein Priester hat das Recht zu lieben bis zum siebzehn Februar zeigen die Internationalen Filmfestspiele Berlin mehr als vier hundert Produktionen aus aller Welt mit dpa Reuters 
