 Frankreich Arbeitslosigkeit steigt und steigt 
 in Frankreich ist die Arbeitslosigkeit den ein und zwanzig Monat in Folge gestiegen Ende Januar waren laut dem Pariser Arbeitsministerium fast drei zwei Millionen Menschen ohne Job das sind fast vier und vierzig null null null mehr als im Vormonat die Arbeitslosenquote ist mit zehn sechs Prozent fast doppelt so hoch wie in Deutschland ein Ende des Anstiegs wird nicht vor Jahresende erwartet wegen der schlechten Zahlen vom Arbeitsmarkt sind die Umfragewerte für die sozialistische Regierung erneut gesunken 
