 Nordkorea droht mit Atomtest gegen Erzfeind USA 
 nach der Ankündigung neuer Raketen und Atomtests durch Nordkorea haben die USA und Südkorea Pjöngjang aufgefordert auf weitere Provokationen zu verzichten der US Sondergesandte für Nordkorea Glyn Davies beriet am Donnerstag in Seoul mit dem südkoreanischen Wiedervereinigungsminister Kim Chun sig die Lage Nordkorea sollte auf die Völkergemeinschaft hören und auf Provokationen verzichten das wäre gut für Nordkorea und die Völkergemeinschaft sagte der südkoreanische Außenamtssprecher Cho Tai Young als Reaktion auf die Ausweitung der UN Sanktionen hatte die nordkoreanische Verteidigungskommission verlauten lassen man werde weitere Satelliten und Langstreckenraketen starten und einen hochgradigen Atomtest Unternehmen diese richteten sich gegen unseren Erzfeind USA 
