 das beste Restaurant der Welt 
 er macht das beste essen der Welt zumindest wenn man dem britischen Magazin Restaurant glauben schenken darf das hat jetzt eine Liste der fünfzig besten Restaurants auf der Welt herausgegeben und auf Platz eins liegt das spanische Feinschmeckerlokal El Celler den can Roca in Girona es wird von den drei Brüdern Joan Jordi und Josep Roca betrieben Joan Roca ist der Chefkoch des Restaurants dass bereits mit drei Michelin Sternen ausgezeichnet wurde auf Platz zwei der Liste des britischen Magazins schaffte es das dänische Speiselokal Noma das das Ranking in den letzten drei Jahren angeführt hatte die italienische Osteria Francescana eroberte den dritten Platz das Steirereck in Wien wurde zum neuntbesten Restaurant der Welt gewählt direkt gefolgt vom deutschen Lokal Vendome in Bergisch Gladbach 
