 Hewlett Packard Topmanager zieht den Stecker 
 der Verwaltungsratschef des US Computerbauers Hewlett Packard HP Ray Lane tritt zurück um nicht vom laufenden Umbau bei HP abzulenken Investoren werfen HP vor keine ordentliche Buchprüfung vorgenommen zu haben auf der Hauptversammlung waren nur noch sechzig Prozent der Eigentümer für eine neue Amtszeit von Ray Lane Hewlett Packard leidet darunter dass Smartphones und Tablet Computer dem klassischen PC den Rang ablaufen fast jede zehnte Stelle soll wegfallen mit Reuters 
