 Asylbewerber in Wien im Hungerstreik 
 in Wien sind vierzig Asylbewerber in einen unbefristeten Hungerstreik getreten Sie protestieren damit gegen die nach ihrer Auffassung unzumutbaren Umstände in einer Unterkunft im niederösterreichischen Traiskirchen die Männer waren vor zwei Wochen von dort aus zu einem Protestmarsch nach Wien aufgebrochen ein Zeltlager im Sigmund Freud Park in Wien war zuvor geräumt worden die Regierung habe auf ihre Nachfragen nicht reagiert sagt einer von ihnen der Hungerstreik werde fortgesetzt und wenn einer von ihnen dabei Sterbe dann sei das Schuld der Regierung die Flüchtlinge haben nun in der Wiener Votivkirche Zuflucht gefunden bei der Räumung des Zeltlagers waren drei Männer festgenommen worden weil sie keine gültigen Aufenthaltsgenehmigungen für Österreich besaßen 
