 PD L Außerordentlicher Wahlerfolg 
 Berlusconis Partei Volk der Freiheit PD L sieht sich als Sieger der Senatswahl im Oberhaus kann ihr Wahlbündnis mit vierzig Prozent der Sitze rechnen und hat eine Linke Mehrheit verhindert Parteichef Angelino Alfano ist zufrieden das ist ein überaus Positives Ergebnis ja sogar ein außerordentliches Ergebnis über das wir uns sehr freuen wir sind sehr zufrieden ich habe mit Ministerpräsident Belusconi gesprochen und ihm im Namen der PD L für das Resultat gedankt das wir seiner Hartnäckigkeit seiner Großzügigkeit seiner Charakterstärke seinem glauben an den Erfolg verdanken sagte Alfano in einer ersten Stellungnahme am Wahlabend Link Volk der Freiheit PD L italienisch 
