 neuer Erzbischof von Canterbury tritt Amt an 
 mit einem Gottesdienst in der Londoner St Paul's Kathedrale hat der neue Erzbischof von Canterbury Justin Welby seine Arbeit aufgenommen der sieben und fünfzig jährige Welby ein früherer Finanzmanager aus der Ölindustrie ist somit das Geistliche Oberhaupt der anglikanischen Kirche von England die weltweit achtzig Millionen Anhänger hat 
